CONNECT /api/v1/clusters/{cluster_id}/k8s/*
CONNECT /api/v1/clusters/{cluster_id}/proxy/service/{namespace}/{service_port}
CONNECT /api/v1/clusters/{cluster_id}/proxy/service/{namespace}/{service_port}/*
CONNECT /api/v1/connect/{cluster_id}
CONNECT /api/v1/internal/argocd/clusters/{cluster_id}/k8s/*
CONNECT /argocd
CONNECT /argocd/*
DELETE /api/v1/admin/alerting/inhibitions/{id}
DELETE /api/v1/admin/dashboard-widgets/{id}
DELETE /api/v1/admin/gitops-sources/{id}
DELETE /api/v1/admin/network-policy-templates/{id}
DELETE /api/v1/admin/prometheus-datasources/{id}
DELETE /api/v1/admin/quota-plans/{name}
DELETE /api/v1/admin/scim-tokens/{id}
DELETE /api/v1/admin/settings/{key}
DELETE /api/v1/admin/vault-connections/{id}
DELETE /api/v1/admin/webhooks/{id}
DELETE /api/v1/alerting/channels/{id}
DELETE /api/v1/alerting/rules/{id}
DELETE /api/v1/alerting/silences/{id}
DELETE /api/v1/argocd/instances/{id}
DELETE /api/v1/argocd/instances/{id}/applications/{name}
DELETE /api/v1/argocd/instances/{id}/applicationsets/{name}
DELETE /api/v1/argocd/instances/{id}/clusters/{cluster_id}/register
DELETE /api/v1/argocd/instances/{id}/projects/{name}
DELETE /api/v1/argocd/instances/{id}/repos
DELETE /api/v1/auth/dex/connectors/{id}
DELETE /api/v1/auth/tokens/{id}
DELETE /api/v1/backups/schedules/{id}
DELETE /api/v1/backups/storage-configs/{id}
DELETE /api/v1/backups/storage/{id}
DELETE /api/v1/backups/{id}
DELETE /api/v1/catalog/installed/{id}
DELETE /api/v1/catalog/repositories/{id}
DELETE /api/v1/charts/{chart_id}/ratings/{rating_id}
DELETE /api/v1/cluster-groups/{id}
DELETE /api/v1/cluster-templates/{id}
DELETE /api/v1/clusters/{cluster_id}/apps/failed
DELETE /api/v1/clusters/{cluster_id}/k8s/*
DELETE /api/v1/clusters/{cluster_id}/network-policies/applications/{id}
DELETE /api/v1/clusters/{cluster_id}/proxy/service/{namespace}/{service_port}
DELETE /api/v1/clusters/{cluster_id}/proxy/service/{namespace}/{service_port}/*
DELETE /api/v1/clusters/{cluster_id}/registries/{id}
DELETE /api/v1/clusters/{cluster_id}/resources/persistentvolumes/{name}
DELETE /api/v1/clusters/{cluster_id}/resources/{resource_type}/{namespace}/{name}
DELETE /api/v1/clusters/{cluster_id}/snapshot-schedules/{id}
DELETE /api/v1/clusters/{cluster_id}/snapshots/{id}
DELETE /api/v1/clusters/{cluster_id}/template
DELETE /api/v1/clusters/{cluster_id}/workloads/{kind}/{namespace}/{name}
DELETE /api/v1/clusters/{id}
DELETE /api/v1/clusters/{id}/gatekeeper/constraints/{name}
DELETE /api/v1/clusters/{id}/monitoring/stack/uninstall
DELETE /api/v1/clusters/{id}/registry
DELETE /api/v1/connect/{cluster_id}
DELETE /api/v1/controllers/silences/{id}
DELETE /api/v1/internal/argocd/clusters/{cluster_id}/k8s/*
DELETE /api/v1/logging/outputs/{id}
DELETE /api/v1/logging/pipelines/{id}
DELETE /api/v1/monitoring/endpoints/{id}
DELETE /api/v1/native-rbac-rules/{id}
DELETE /api/v1/projects/{id}
DELETE /api/v1/projects/{project_id}/catalogs/{catalog_id}
DELETE /api/v1/projects/{project_id}/cloud-credentials/{id}
DELETE /api/v1/rbac/cluster-bindings/{id}
DELETE /api/v1/rbac/cluster-role-bindings/{id}
DELETE /api/v1/rbac/cluster-roles/{id}
DELETE /api/v1/rbac/global-bindings/{id}
DELETE /api/v1/rbac/global-role-bindings/{id}
DELETE /api/v1/rbac/global-roles/{id}
DELETE /api/v1/rbac/project-bindings/{id}
DELETE /api/v1/rbac/project-role-bindings/{id}
DELETE /api/v1/rbac/project-roles/{id}
DELETE /api/v1/resources/{cluster_id}/{type}/{namespace}/{name}
DELETE /api/v1/security/policies/{id}
DELETE /api/v1/security/templates/{id}
DELETE /api/v1/settings/monitoring/alertmanager/uninstall
DELETE /api/v1/settings/monitoring/thanos/uninstall
DELETE /api/v1/settings/sso/{id}
DELETE /api/v1/settings/tokens/{id}
DELETE /api/v1/tools/{slug}/uninstall
DELETE /api/v1/users/{id}
DELETE /api/v1/workloads/pods/{cluster_id}/{namespace}/{pod}
DELETE /argocd
DELETE /argocd/*
DELETE /scim/v2/Groups/{id}
DELETE /scim/v2/Users/{id}
GET /api/v1/activity
GET /api/v1/admin/agents/cluster-admin-posture
GET /api/v1/admin/alerting/inhibitions
GET /api/v1/admin/alerting/inhibitions/{id}
GET /api/v1/admin/compliance/export
GET /api/v1/admin/compliance/exports/{id}
GET /api/v1/admin/dashboard-widgets
GET /api/v1/admin/dashboard-widgets/{id}
GET /api/v1/admin/emails
GET /api/v1/admin/gitops-sources
GET /api/v1/admin/gitops-sources/{id}
GET /api/v1/admin/gitops-sources/{id}/clusters
GET /api/v1/admin/gitops-sources/{id}/preview
GET /api/v1/admin/key-status
GET /api/v1/admin/network-policy-templates
GET /api/v1/admin/network-policy-templates/{id}
GET /api/v1/admin/prometheus-datasources
GET /api/v1/admin/quota-plans
GET /api/v1/admin/quota-plans/{name}
GET /api/v1/admin/quota-usage
GET /api/v1/admin/scim-tokens
GET /api/v1/admin/settings
GET /api/v1/admin/settings/{key}
GET /api/v1/admin/shell-sessions
GET /api/v1/admin/shell-sessions/{id}/commands
GET /api/v1/admin/smtp
GET /api/v1/admin/vault-connections
GET /api/v1/admin/vault-connections/{id}
GET /api/v1/admin/webhooks
GET /api/v1/admin/webhooks/{id}
GET /api/v1/admin/webhooks/{id}/deliveries
GET /api/v1/agents/fleet
GET /api/v1/agents/fleet/{cluster_id}/diagnostics
GET /api/v1/agents/fleet/{cluster_id}/diagnostics/bundle
GET /api/v1/agents/fleet/{cluster_id}/operations
GET /api/v1/alerting/channels
GET /api/v1/alerting/channels/{id}
GET /api/v1/alerting/events
GET /api/v1/alerting/events/{id}
GET /api/v1/alerting/rules
GET /api/v1/alerting/rules/{id}
GET /api/v1/alerting/silences
GET /api/v1/anomaly-baselines
GET /api/v1/anomaly-baselines/{id}
GET /api/v1/argocd/applications
GET /api/v1/argocd/applications/{id}
GET /api/v1/argocd/applications/{id}/history
GET /api/v1/argocd/applications/{id}/manifests
GET /api/v1/argocd/clusters/{cluster_id}/ownership
GET /api/v1/argocd/controller/status
GET /api/v1/argocd/instances
GET /api/v1/argocd/instances/{id}
GET /api/v1/argocd/instances/{id}/applications
GET /api/v1/argocd/instances/{id}/applicationsets
GET /api/v1/argocd/instances/{id}/cached-applications
GET /api/v1/argocd/instances/{id}/clusters
GET /api/v1/argocd/instances/{id}/health
GET /api/v1/argocd/instances/{id}/orphan-report
GET /api/v1/argocd/instances/{id}/projects
GET /api/v1/argocd/instances/{id}/repos
GET /api/v1/argocd/operations
GET /api/v1/argocd/operations/{id}
GET /api/v1/audit
GET /api/v1/audit/export
GET /api/v1/audit/{id}
GET /api/v1/auth/dex/connector-types
GET /api/v1/auth/dex/connectors
GET /api/v1/auth/dex/connectors/{id}
GET /api/v1/auth/dex/settings
GET /api/v1/auth/logout-done
GET /api/v1/auth/me
GET /api/v1/auth/me/quota
GET /api/v1/auth/tokens
GET /api/v1/auth/totp/status
GET /api/v1/backups
GET /api/v1/backups/controller/status
GET /api/v1/backups/restores
GET /api/v1/backups/runs
GET /api/v1/backups/schedules
GET /api/v1/backups/schedules/{id}
GET /api/v1/backups/storage
GET /api/v1/backups/storage-configs
GET /api/v1/backups/storage-configs/{id}
GET /api/v1/backups/storage/{id}
GET /api/v1/backups/{id}
GET /api/v1/catalog/charts
GET /api/v1/catalog/charts/{id}
GET /api/v1/catalog/charts/{id}/readme
GET /api/v1/catalog/charts/{id}/values
GET /api/v1/catalog/charts/{id}/versions
GET /api/v1/catalog/controller/status
GET /api/v1/catalog/installed
GET /api/v1/catalog/installed/{id}/revisions
GET /api/v1/catalog/installed/{id}/values
GET /api/v1/catalog/operations
GET /api/v1/catalog/operations/{id}
GET /api/v1/catalog/recommendations/popular
GET /api/v1/catalog/recommendations/similar/{chart_id}
GET /api/v1/catalog/repositories
GET /api/v1/catalog/repositories/{id}
GET /api/v1/charts/{chart_id}/ratings
GET /api/v1/charts/{chart_id}/ratings/aggregate
GET /api/v1/charts/{chart_id}/ratings/mine
GET /api/v1/cloud-credentials/providers
GET /api/v1/cluster-groups
GET /api/v1/cluster-groups/{id}
GET /api/v1/cluster-groups/{id}/clusters
GET /api/v1/cluster-templates
GET /api/v1/cluster-templates/{id}
GET /api/v1/clusters
GET /api/v1/clusters/{cluster_id}/apiserver-allowlist
GET /api/v1/clusters/{cluster_id}/apiserver-allowlist/preview
GET /api/v1/clusters/{cluster_id}/apiserver-allowlist/snapshots
GET /api/v1/clusters/{cluster_id}/apiserver-audit
GET /api/v1/clusters/{cluster_id}/apps
GET /api/v1/clusters/{cluster_id}/events
GET /api/v1/clusters/{cluster_id}/gateway-classes
GET /api/v1/clusters/{cluster_id}/ingress-classes
GET /api/v1/clusters/{cluster_id}/k8s/*
GET /api/v1/clusters/{cluster_id}/limit-ranges
GET /api/v1/clusters/{cluster_id}/metrics
GET /api/v1/clusters/{cluster_id}/metrics/summary
GET /api/v1/clusters/{cluster_id}/namespaces
GET /api/v1/clusters/{cluster_id}/network-policies
GET /api/v1/clusters/{cluster_id}/network-policies/applications
GET /api/v1/clusters/{cluster_id}/nodes
GET /api/v1/clusters/{cluster_id}/nodes/{node_name}
GET /api/v1/clusters/{cluster_id}/pods
GET /api/v1/clusters/{cluster_id}/pods/watch
GET /api/v1/clusters/{cluster_id}/projects
GET /api/v1/clusters/{cluster_id}/proxy/service/{namespace}/{service_port}
GET /api/v1/clusters/{cluster_id}/proxy/service/{namespace}/{service_port}/*
GET /api/v1/clusters/{cluster_id}/registries
GET /api/v1/clusters/{cluster_id}/registries/{id}
GET /api/v1/clusters/{cluster_id}/resource-quotas
GET /api/v1/clusters/{cluster_id}/resources/generic/{resource_type}
GET /api/v1/clusters/{cluster_id}/resources/{resource_type}
GET /api/v1/clusters/{cluster_id}/security/policy
GET /api/v1/clusters/{cluster_id}/security/scans
GET /api/v1/clusters/{cluster_id}/security/scans/{id}
GET /api/v1/clusters/{cluster_id}/service-mesh
GET /api/v1/clusters/{cluster_id}/service-mesh/inventory
GET /api/v1/clusters/{cluster_id}/service-mesh/mtls
GET /api/v1/clusters/{cluster_id}/shell/sessions
GET /api/v1/clusters/{cluster_id}/shell/sessions/{id}
GET /api/v1/clusters/{cluster_id}/shell/sessions/{id}/commands
GET /api/v1/clusters/{cluster_id}/snapshot-schedules
GET /api/v1/clusters/{cluster_id}/snapshot-schedules/{id}
GET /api/v1/clusters/{cluster_id}/snapshots
GET /api/v1/clusters/{cluster_id}/snapshots/{id}
GET /api/v1/clusters/{cluster_id}/template
GET /api/v1/clusters/{cluster_id}/tools/status
GET /api/v1/clusters/{cluster_id}/velero-status
GET /api/v1/clusters/{cluster_id}/vulnerabilities/diff
GET /api/v1/clusters/{cluster_id}/vulnerabilities/export.csv
GET /api/v1/clusters/{cluster_id}/vulnerabilities/history
GET /api/v1/clusters/{cluster_id}/vulnerabilities/images
GET /api/v1/clusters/{cluster_id}/vulnerabilities/progress
GET /api/v1/clusters/{cluster_id}/vulnerabilities/reports/{id}
GET /api/v1/clusters/{cluster_id}/vulnerabilities/reports/{report_id}/history
GET /api/v1/clusters/{cluster_id}/vulnerabilities/summary
GET /api/v1/clusters/{cluster_id}/workloads
GET /api/v1/clusters/{cluster_id}/workloads/{kind}/{namespace}/{name}
GET /api/v1/clusters/{cluster_id}/workloads/{kind}/{namespace}/{name}/metrics
GET /api/v1/clusters/{cluster_id}/workloads/{kind}/{namespace}/{name}/pods
GET /api/v1/clusters/{id}
GET /api/v1/clusters/{id}/condition-remediation
GET /api/v1/clusters/{id}/conditions
GET /api/v1/clusters/{id}/decommission
GET /api/v1/clusters/{id}/gatekeeper/constraints
GET /api/v1/clusters/{id}/health
GET /api/v1/clusters/{id}/kubeconfig
GET /api/v1/clusters/{id}/kubeconfig-preview
GET /api/v1/clusters/{id}/manifest
GET /api/v1/clusters/{id}/metrics
GET /api/v1/clusters/{id}/metrics/summary
GET /api/v1/clusters/{id}/monitoring/config
GET /api/v1/clusters/{id}/monitoring/stack/status
GET /api/v1/clusters/{id}/registration/status
GET /api/v1/clusters/{id}/registry
GET /api/v1/clusters/{id}/v2/pods
GET /api/v1/compliance/posture
GET /api/v1/connect/{cluster_id}
GET /api/v1/controllers/alerts
GET /api/v1/controllers/policy
GET /api/v1/controllers/silences
GET /api/v1/controllers/status
GET /api/v1/dashboards/clusters/{id}
GET /api/v1/dashboards/global
GET /api/v1/dashboards/projects/{id}
GET /api/v1/extensions
GET /api/v1/extensions/mounts
GET /api/v1/extensions/sample-manifest
GET /api/v1/fleet-operations
GET /api/v1/fleet-operations/{id}
GET /api/v1/fleet-operations/{id}/targets
GET /api/v1/internal/argocd/clusters/{cluster_id}/k8s/*
GET /api/v1/logging/controller/status
GET /api/v1/logging/operations
GET /api/v1/logging/operations/{id}
GET /api/v1/logging/outputs
GET /api/v1/logging/pipelines
GET /api/v1/logging/pipelines/{id}/fluentbit-config
GET /api/v1/monitoring/endpoints
GET /api/v1/monitoring/endpoints/{id}
GET /api/v1/monitoring/metrics/cluster-overview/{cluster_id}
GET /api/v1/monitoring/metrics/node/{cluster_id}/{node}
GET /api/v1/monitoring/metrics/workload/{cluster_id}/{namespace}/{workload}
GET /api/v1/native-rbac-rules
GET /api/v1/projects
GET /api/v1/projects/{id}
GET /api/v1/projects/{id}/clusters
GET /api/v1/projects/{id}/default-vault-connection
GET /api/v1/projects/{id}/quota
GET /api/v1/projects/{id}/quota-usage
GET /api/v1/projects/{id}/rbac
GET /api/v1/projects/{project_id}/catalogs
GET /api/v1/projects/{project_id}/catalogs/{catalog_id}/charts
GET /api/v1/projects/{project_id}/cloud-credentials
GET /api/v1/projects/{project_id}/cloud-credentials/{id}
GET /api/v1/rbac/cluster-bindings
GET /api/v1/rbac/cluster-role-bindings
GET /api/v1/rbac/cluster-roles
GET /api/v1/rbac/cluster-roles/{id}
GET /api/v1/rbac/effective-permissions/{user_id}
GET /api/v1/rbac/global-bindings
GET /api/v1/rbac/global-role-bindings
GET /api/v1/rbac/global-roles
GET /api/v1/rbac/global-roles/{id}
GET /api/v1/rbac/my-permissions
GET /api/v1/rbac/my-roles
GET /api/v1/rbac/my-roles/check
GET /api/v1/rbac/project-bindings
GET /api/v1/rbac/project-role-bindings
GET /api/v1/rbac/project-roles
GET /api/v1/rbac/project-roles/{id}
GET /api/v1/rbac/templates
GET /api/v1/rbac/templates/{name}
GET /api/v1/register/ca.crt
GET /api/v1/register/signed/{cluster_id}
GET /api/v1/register/{token}
GET /api/v1/resources/search
GET /api/v1/resources/{cluster_id}/{type}/{namespace}/{name}
GET /api/v1/security/controller/status
GET /api/v1/security/policies
GET /api/v1/security/profiles
GET /api/v1/security/scans
GET /api/v1/security/scans/{id}
GET /api/v1/security/scans/{id}/report.csv
GET /api/v1/security/templates
GET /api/v1/security/templates/{id}
GET /api/v1/security/vulnerabilities/summary
GET /api/v1/security/vulnerabilities/top-clusters
GET /api/v1/settings
GET /api/v1/settings/audit-logs
GET /api/v1/settings/banner
GET /api/v1/settings/branding
GET /api/v1/settings/features
GET /api/v1/settings/general
GET /api/v1/settings/monitoring/alertmanager/status
GET /api/v1/settings/monitoring/backend
GET /api/v1/settings/monitoring/operations
GET /api/v1/settings/monitoring/operations/{id}
GET /api/v1/settings/monitoring/thanos/status
GET /api/v1/settings/registration
GET /api/v1/settings/sso
GET /api/v1/settings/sso/presets
GET /api/v1/settings/tokens
GET /api/v1/support-bundle
GET /api/v1/tools
GET /api/v1/tools/controller/status
GET /api/v1/tools/operations
GET /api/v1/tools/operations/{id}
GET /api/v1/tools/slug/{slug}
GET /api/v1/tools/{id}
GET /api/v1/tools/{slug}
GET /api/v1/users
GET /api/v1/users/{id}
GET /api/v1/workloads/controller/status
GET /api/v1/workloads/operations
GET /api/v1/workloads/operations/{id}
GET /api/v1/workloads/pods/{cluster_id}/{namespace}/{pod}/logs
GET /api/v1/ws/clusters/{cluster_id}/shell/sessions/{id}
GET /api/v1/ws/exec/{cluster_id}/{namespace}/{pod}/{container}
GET /api/v1/ws/logs/{cluster_id}/{namespace}/{pod}/{container}
GET /argocd
GET /argocd/*
GET /health
GET /scim/v2/Groups
GET /scim/v2/Groups/{id}
GET /scim/v2/ResourceTypes
GET /scim/v2/Schemas
GET /scim/v2/ServiceProviderConfig
GET /scim/v2/Users
GET /scim/v2/Users/{id}
HEAD /api/v1/clusters/{cluster_id}/k8s/*
HEAD /api/v1/clusters/{cluster_id}/proxy/service/{namespace}/{service_port}
HEAD /api/v1/clusters/{cluster_id}/proxy/service/{namespace}/{service_port}/*
HEAD /api/v1/connect/{cluster_id}
HEAD /api/v1/internal/argocd/clusters/{cluster_id}/k8s/*
HEAD /argocd
HEAD /argocd/*
OPTIONS /api/v1/clusters/{cluster_id}/k8s/*
OPTIONS /api/v1/clusters/{cluster_id}/proxy/service/{namespace}/{service_port}
OPTIONS /api/v1/clusters/{cluster_id}/proxy/service/{namespace}/{service_port}/*
OPTIONS /api/v1/connect/{cluster_id}
OPTIONS /api/v1/internal/argocd/clusters/{cluster_id}/k8s/*
OPTIONS /argocd
OPTIONS /argocd/*
PATCH /api/v1/argocd/instances/{id}/applications/{name}
PATCH /api/v1/argocd/instances/{id}/projects/{name}
PATCH /api/v1/auth/dex/connectors/{id}
PATCH /api/v1/cluster-groups/{id}
PATCH /api/v1/cluster-templates/{id}
PATCH /api/v1/clusters/{cluster_id}/k8s/*
PATCH /api/v1/clusters/{cluster_id}/proxy/service/{namespace}/{service_port}
PATCH /api/v1/clusters/{cluster_id}/proxy/service/{namespace}/{service_port}/*
PATCH /api/v1/clusters/{cluster_id}/workloads/{kind}/{namespace}/{name}/scale
PATCH /api/v1/clusters/{id}
PATCH /api/v1/connect/{cluster_id}
PATCH /api/v1/internal/argocd/clusters/{cluster_id}/k8s/*
PATCH /api/v1/projects/{id}
PATCH /api/v1/projects/{id}/policy
PATCH /api/v1/projects/{project_id}/cloud-credentials/{id}
PATCH /api/v1/users/{id}
PATCH /argocd
PATCH /argocd/*
PATCH /scim/v2/Groups/{id}
PATCH /scim/v2/Users/{id}
POST /api/v1/admin/alerting/inhibitions
POST /api/v1/admin/dashboard-widgets
POST /api/v1/admin/gitops-sources
POST /api/v1/admin/gitops-sources/{id}/sync
POST /api/v1/admin/network-policy-templates
POST /api/v1/admin/prometheus-datasources
POST /api/v1/admin/prometheus-datasources/{id}/test
POST /api/v1/admin/quota-plans
POST /api/v1/admin/scim-tokens
POST /api/v1/admin/smtp/test
POST /api/v1/admin/users/{id}/disable-totp
POST /api/v1/admin/users/{id}/force-logout
POST /api/v1/admin/users/{id}/unlock
POST /api/v1/admin/vault-connections
POST /api/v1/admin/vault-connections/{id}/health
POST /api/v1/admin/vault-connections/{id}/test
POST /api/v1/admin/webhooks
POST /api/v1/admin/webhooks/{id}/deliveries/{delivery_id}/retry
POST /api/v1/admin/webhooks/{id}/test
POST /api/v1/agents/fleet/{cluster_id}/self-test
POST /api/v1/agents/fleet/{cluster_id}/upgrade
POST /api/v1/agents/fleet/{cluster_id}/upgrade-plan
POST /api/v1/alerting/channels
POST /api/v1/alerting/channels/{id}/test
POST /api/v1/alerting/events/{id}/acknowledge
POST /api/v1/alerting/events/{id}/resolve
POST /api/v1/alerting/rules
POST /api/v1/alerting/rules/{id}/disable
POST /api/v1/alerting/rules/{id}/enable
POST /api/v1/alerting/silences
POST /api/v1/alerting/silences/{id}/expire
POST /api/v1/alerts/rules/{id}/disable
POST /api/v1/alerts/rules/{id}/enable
POST /api/v1/alerts/silences/{id}/expire
POST /api/v1/argocd/applications/{id}/refresh
POST /api/v1/argocd/applications/{id}/sync
POST /api/v1/argocd/clusters/{cluster_id}/ownership/{component_slug}/decision
POST /api/v1/argocd/instances
POST /api/v1/argocd/instances/{id}/applications
POST /api/v1/argocd/instances/{id}/applications/{name}/sync
POST /api/v1/argocd/instances/{id}/applicationsets
POST /api/v1/argocd/instances/{id}/clusters/{cluster_id}/refresh-labels
POST /api/v1/argocd/instances/{id}/clusters/{cluster_id}/register
POST /api/v1/argocd/instances/{id}/projects
POST /api/v1/argocd/instances/{id}/repos
POST /api/v1/argocd/instances/{id}/repos/test
POST /api/v1/argocd/operations/{id}/retry
POST /api/v1/auth/change-password
POST /api/v1/auth/dex/apply
POST /api/v1/auth/dex/connectors
POST /api/v1/auth/dex/register-as-sso
POST /api/v1/auth/login
POST /api/v1/auth/logout
POST /api/v1/auth/password-reset/complete
POST /api/v1/auth/password-reset/request
POST /api/v1/auth/refresh
POST /api/v1/auth/tokens
POST /api/v1/auth/totp/disable
POST /api/v1/auth/totp/enroll/confirm
POST /api/v1/auth/totp/enroll/start
POST /api/v1/auth/totp/recovery-codes/regenerate
POST /api/v1/auth/totp/verify
POST /api/v1/backups
POST /api/v1/backups/schedules
POST /api/v1/backups/schedules/{id}/trigger-now
POST /api/v1/backups/storage
POST /api/v1/backups/storage-configs
POST /api/v1/backups/storage-configs/{id}/test-connection
POST /api/v1/backups/storage/{id}/test
POST /api/v1/backups/storage/{id}/test-connection
POST /api/v1/backups/{id}/restore
POST /api/v1/catalog/installed
POST /api/v1/catalog/installed/{id}/rollback
POST /api/v1/catalog/operations/{id}/retry
POST /api/v1/catalog/repositories
POST /api/v1/catalog/repositories/{id}/sync
POST /api/v1/catalog/repositories/{id}/test-connection
POST /api/v1/charts/{chart_id}/ratings
POST /api/v1/cluster-groups
POST /api/v1/cluster-groups/{id}/move
POST /api/v1/cluster-templates
POST /api/v1/clusters
POST /api/v1/clusters/{cluster_id}/apiserver-allowlist/reconcile
POST /api/v1/clusters/{cluster_id}/apiserver-audit
POST /api/v1/clusters/{cluster_id}/k8s/*
POST /api/v1/clusters/{cluster_id}/metrics
POST /api/v1/clusters/{cluster_id}/network-policies/applications
POST /api/v1/clusters/{cluster_id}/network-policies/applications/{id}/reapply
POST /api/v1/clusters/{cluster_id}/proxy/service/{namespace}/{service_port}
POST /api/v1/clusters/{cluster_id}/proxy/service/{namespace}/{service_port}/*
POST /api/v1/clusters/{cluster_id}/registries
POST /api/v1/clusters/{cluster_id}/registries/{id}/test
POST /api/v1/clusters/{cluster_id}/resources/{resource_type}
POST /api/v1/clusters/{cluster_id}/service-mesh/detect
POST /api/v1/clusters/{cluster_id}/service-mesh/validate
POST /api/v1/clusters/{cluster_id}/shell/sessions
POST /api/v1/clusters/{cluster_id}/shell/sessions/{id}/close
POST /api/v1/clusters/{cluster_id}/snapshot-schedules
POST /api/v1/clusters/{cluster_id}/snapshots
POST /api/v1/clusters/{cluster_id}/snapshots/{id}/restore
POST /api/v1/clusters/{cluster_id}/template
POST /api/v1/clusters/{cluster_id}/template/reapply
POST /api/v1/clusters/{cluster_id}/vulnerabilities/rescan
POST /api/v1/clusters/{cluster_id}/workloads/{kind}/{namespace}/{name}/restart
POST /api/v1/clusters/{id}/agent-token/revoke
POST /api/v1/clusters/{id}/agent-token/rotate
POST /api/v1/clusters/{id}/gatekeeper/constraints
POST /api/v1/clusters/{id}/gatekeeper/constraints/validate
POST /api/v1/clusters/{id}/generate-kubeconfig
POST /api/v1/clusters/{id}/generate_kubeconfig
POST /api/v1/clusters/{id}/monitoring/stack/install
POST /api/v1/clusters/{id}/monitoring/stack/preview
POST /api/v1/clusters/{id}/monitoring/stack/replace
POST /api/v1/clusters/{id}/ownership/takeover
POST /api/v1/clusters/{id}/register
POST /api/v1/clusters/{id}/registration/cancel
POST /api/v1/clusters/{id}/registration/confirm
POST /api/v1/clusters/{id}/registration/retry/{step_id}
POST /api/v1/connect/{cluster_id}
POST /api/v1/controllers/alerts/{id}/acknowledge
POST /api/v1/controllers/silences
POST /api/v1/extensions
POST /api/v1/extensions/validate
POST /api/v1/extensions/verify-bundle
POST /api/v1/extensions/{name}/data/{dataSourceId}
POST /api/v1/extensions/{name}/disable
POST /api/v1/extensions/{name}/enable
POST /api/v1/extensions/{name}/token
POST /api/v1/fleet-operations
POST /api/v1/fleet-operations/{id}/abort
POST /api/v1/fleet-operations/{id}/pause
POST /api/v1/fleet-operations/{id}/resume
POST /api/v1/fleet-operations/{id}/retry-failed
POST /api/v1/gitops/sources/{id}/webhook
POST /api/v1/internal/argocd/clusters/{cluster_id}/k8s/*
POST /api/v1/logging/operations/{id}/retry
POST /api/v1/logging/outputs
POST /api/v1/logging/outputs/{id}/disable
POST /api/v1/logging/outputs/{id}/enable
POST /api/v1/logging/outputs/{id}/query
POST /api/v1/logging/outputs/{id}/test
POST /api/v1/logging/pipelines
POST /api/v1/logging/pipelines/{id}/disable
POST /api/v1/logging/pipelines/{id}/enable
POST /api/v1/monitoring/endpoints
POST /api/v1/monitoring/metrics/query/{cluster_id}
POST /api/v1/native-rbac-rules
POST /api/v1/nodes/{cluster_id}/{node_name}/annotations
POST /api/v1/nodes/{cluster_id}/{node_name}/annotations/remove
POST /api/v1/nodes/{cluster_id}/{node_name}/cordon
POST /api/v1/nodes/{cluster_id}/{node_name}/drain
POST /api/v1/nodes/{cluster_id}/{node_name}/labels
POST /api/v1/nodes/{cluster_id}/{node_name}/labels/remove
POST /api/v1/nodes/{cluster_id}/{node_name}/taints
POST /api/v1/nodes/{cluster_id}/{node_name}/taints/remove
POST /api/v1/nodes/{cluster_id}/{node_name}/uncordon
POST /api/v1/projects
POST /api/v1/projects/{id}/add-namespace
POST /api/v1/projects/{id}/ownership/takeover
POST /api/v1/projects/{id}/remove-namespace
POST /api/v1/projects/{project_id}/catalogs
POST /api/v1/projects/{project_id}/catalogs/{catalog_id}/subscribe
POST /api/v1/projects/{project_id}/cloud-credentials
POST /api/v1/projects/{project_id}/cloud-credentials/{id}/test
POST /api/v1/rbac/cluster-bindings
POST /api/v1/rbac/cluster-role-bindings
POST /api/v1/rbac/cluster-roles
POST /api/v1/rbac/global-bindings
POST /api/v1/rbac/global-role-bindings
POST /api/v1/rbac/global-roles
POST /api/v1/rbac/permission-preview
POST /api/v1/rbac/project-bindings
POST /api/v1/rbac/project-role-bindings
POST /api/v1/rbac/project-roles
POST /api/v1/security/policies
POST /api/v1/security/policies/{id}/apply
POST /api/v1/security/scans
POST /api/v1/security/templates
POST /api/v1/settings/monitoring/alertmanager/install
POST /api/v1/settings/monitoring/alertmanager/preview
POST /api/v1/settings/monitoring/alertmanager/replace
POST /api/v1/settings/monitoring/operations/{id}/retry
POST /api/v1/settings/monitoring/thanos/install
POST /api/v1/settings/monitoring/thanos/preview
POST /api/v1/settings/monitoring/thanos/replace
POST /api/v1/settings/sso
POST /api/v1/settings/tokens
POST /api/v1/streams/tickets
POST /api/v1/tools/operations/{id}/retry
POST /api/v1/tools/{slug}/adopt
POST /api/v1/tools/{slug}/install
POST /api/v1/tools/{slug}/preview
POST /api/v1/users
POST /api/v1/users/{id}/reset-password
POST /api/v1/workloads/operations/{id}/retry
POST /argocd
POST /argocd/*
POST /internal/tunnel/helm/{cluster_id}
POST /internal/tunnel/k8s/{cluster_id}
POST /scim/v2/Groups
POST /scim/v2/Users
PUT /api/v1/admin/alerting/inhibitions/{id}
PUT /api/v1/admin/dashboard-widgets/{id}
PUT /api/v1/admin/gitops-sources/{id}
PUT /api/v1/admin/network-policy-templates/{id}
PUT /api/v1/admin/prometheus-datasources/{id}
PUT /api/v1/admin/quota-plans/{name}
PUT /api/v1/admin/settings/{key}
PUT /api/v1/admin/smtp
PUT /api/v1/admin/vault-connections/{id}
PUT /api/v1/admin/webhooks/{id}
PUT /api/v1/alerting/channels/{id}
PUT /api/v1/alerting/rules/{id}
PUT /api/v1/argocd/instances/{id}
PUT /api/v1/auth/dex/settings
PUT /api/v1/backups/schedules/{id}
PUT /api/v1/backups/storage-configs/{id}
PUT /api/v1/backups/storage/{id}
PUT /api/v1/catalog/installed/{id}/upgrade
PUT /api/v1/catalog/repositories/{id}
PUT /api/v1/charts/{chart_id}/ratings/{rating_id}
PUT /api/v1/cluster-groups/{id}
PUT /api/v1/cluster-templates/{id}
PUT /api/v1/clusters/{cluster_id}/apiserver-allowlist
PUT /api/v1/clusters/{cluster_id}/k8s/*
PUT /api/v1/clusters/{cluster_id}/proxy/service/{namespace}/{service_port}
PUT /api/v1/clusters/{cluster_id}/proxy/service/{namespace}/{service_port}/*
PUT /api/v1/clusters/{cluster_id}/registries/{id}
PUT /api/v1/clusters/{cluster_id}/snapshot-schedules/{id}
PUT /api/v1/clusters/{id}
PUT /api/v1/clusters/{id}/monitoring/config
PUT /api/v1/clusters/{id}/monitoring/stack/upgrade
PUT /api/v1/clusters/{id}/registration/options
PUT /api/v1/clusters/{id}/registry
PUT /api/v1/connect/{cluster_id}
PUT /api/v1/controllers/policy
PUT /api/v1/internal/argocd/clusters/{cluster_id}/k8s/*
PUT /api/v1/logging/outputs/{id}
PUT /api/v1/logging/pipelines/{id}
PUT /api/v1/monitoring/endpoints/{id}
PUT /api/v1/projects/{id}
PUT /api/v1/projects/{id}/default-vault-connection
PUT /api/v1/projects/{project_id}/cloud-credentials/{id}
PUT /api/v1/rbac/cluster-roles/{id}
PUT /api/v1/rbac/global-roles/{id}
PUT /api/v1/rbac/project-roles/{id}
PUT /api/v1/resources/{cluster_id}/{type}/{namespace}/{name}
PUT /api/v1/security/templates/{id}
PUT /api/v1/settings/general
PUT /api/v1/settings/monitoring/alertmanager/upgrade
PUT /api/v1/settings/monitoring/backend
PUT /api/v1/settings/monitoring/thanos/upgrade
PUT /api/v1/tools/{slug}/upgrade
PUT /api/v1/users/{id}
PUT /argocd
PUT /argocd/*
PUT /scim/v2/Users/{id}
TRACE /api/v1/clusters/{cluster_id}/k8s/*
TRACE /api/v1/clusters/{cluster_id}/proxy/service/{namespace}/{service_port}
TRACE /api/v1/clusters/{cluster_id}/proxy/service/{namespace}/{service_port}/*
TRACE /api/v1/connect/{cluster_id}
TRACE /api/v1/internal/argocd/clusters/{cluster_id}/k8s/*
TRACE /argocd
TRACE /argocd/*
