
> astronomer-frontend@1.2.0 prebuild
> node scripts/prepare-static-assets.mjs


> astronomer-frontend@1.2.0 build
> npm run type-check && vite build && node scripts/check-csp-build.mjs


> astronomer-frontend@1.2.0 type-check
> tsc --noEmit

vite v8.3.0 building client environment for production...
transforming...
✓ 4309 modules transformed.
rendering chunks...
computing gzip size...
dist/assets/jetbrains-mono-cyrillic-ext-wght-normal-EocZY2iu.woff2    2.02 kB
dist/assets/jetbrains-mono-vietnamese-wght-normal-Bt-aOZkq.woff2      7.50 kB
dist/index.html                                                       8.56 kB │ gzip:   1.75 kB
dist/assets/jetbrains-mono-greek-wght-normal-Bw9x6K1M.woff2           9.00 kB
dist/assets/inter-vietnamese-wght-normal-CBcvBZtf.woff2              10.25 kB
dist/assets/inter-greek-ext-wght-normal-DlzME5K_.woff2               11.23 kB
dist/assets/jetbrains-mono-cyrillic-wght-normal-D73BlboJ.woff2       12.10 kB
dist/assets/jetbrains-mono-latin-ext-wght-normal-DBQx-q_a.woff2      15.19 kB
dist/assets/inter-cyrillic-wght-normal-DqGufNeO.woff2                18.74 kB
dist/assets/inter-greek-wght-normal-CkhJZR-_.woff2                   18.99 kB
dist/assets/inter-cyrillic-ext-wght-normal-BOeWTOD4.woff2            25.96 kB
dist/assets/jetbrains-mono-latin-wght-normal-B9CIFXIH.woff2          40.40 kB
dist/assets/inter-latin-wght-normal-Dx4kXJAl.woff2                   48.25 kB
dist/assets/inter-latin-ext-wght-normal-DO1Apj_S.woff2               85.06 kB
dist/.vite/manifest.json                                            227.11 kB │ gzip:  23.76 kB
dist/assets/terminal-BerPICwL.css                                     3.79 kB │ gzip:   1.26 kB
dist/assets/index-B2Gyloco.css                                      111.60 kB │ gzip:  17.51 kB
dist/assets/_bundleId-CA0Cz6om.js                                     0.07 kB │ gzip:   0.08 kB
dist/assets/_bundleId-CTtnOElv.js                                     0.07 kB │ gzip:   0.08 kB
dist/assets/_deploymentId-pBzNa-Jb.js                                 0.07 kB │ gzip:   0.08 kB
dist/assets/_deploymentId-zVMqKhis.js                                 0.07 kB │ gzip:   0.08 kB
dist/assets/_rolloutId-C-U4mmAI.js                                    0.07 kB │ gzip:   0.08 kB
dist/assets/_rolloutId-DDh-un9w.js                                    0.07 kB │ gzip:   0.08 kB
dist/assets/_targetId-6fc5DxeN.js                                     0.07 kB │ gzip:   0.08 kB
dist/assets/_targetId-CKysDi9I.js                                     0.07 kB │ gzip:   0.08 kB
dist/assets/bundles-B981pZfB.js                                       0.07 kB │ gzip:   0.08 kB
dist/assets/bundles-CTB6IPoa.js                                       0.07 kB │ gzip:   0.08 kB
dist/assets/configuration-templates-BrMd0UpR.js                       0.07 kB │ gzip:   0.08 kB
dist/assets/configuration-templates-D_i_E-KA.js                       0.07 kB │ gzip:   0.08 kB
dist/assets/deployments-6WIQ7pxu.js                                   0.07 kB │ gzip:   0.08 kB
dist/assets/deployments-rcx1CiNm.js                                   0.07 kB │ gzip:   0.08 kB
dist/assets/override-sets-B8EiaWCo.js                                 0.07 kB │ gzip:   0.08 kB
dist/assets/override-sets-qmto9uhC.js                                 0.07 kB │ gzip:   0.08 kB
dist/assets/rollouts-2OHLvcu7.js                                      0.07 kB │ gzip:   0.08 kB
dist/assets/rollouts-DLADOioz.js                                      0.07 kB │ gzip:   0.08 kB
dist/assets/search-D8bMMGI-.js                                        0.07 kB │ gzip:   0.08 kB
dist/assets/siem-8LMYjl_r.js                                          0.07 kB │ gzip:   0.08 kB
dist/assets/sources-CLWdJIz4.js                                       0.07 kB │ gzip:   0.08 kB
dist/assets/sources-Cej_M3rM.js                                       0.07 kB │ gzip:   0.08 kB
dist/assets/targets-D5KnQ3Qn.js                                       0.07 kB │ gzip:   0.08 kB
dist/assets/targets-DJNuQnME.js                                       0.07 kB │ gzip:   0.08 kB
dist/assets/route-CkhPnfpZ.js                                         0.07 kB │ gzip:   0.08 kB
dist/assets/_pipelineId-BO0wzcgf.js                                   0.08 kB │ gzip:   0.09 kB
dist/assets/useStore-BvV2FmVs.js                                      0.09 kB │ gzip:   0.10 kB
dist/assets/feature-flags-C5LVChEC.js                                 0.10 kB │ gzip:   0.12 kB
dist/assets/data-envelope-CQU6yb0P.js                                 0.11 kB │ gzip:   0.11 kB
dist/assets/matchContext-C0BEGO7B.js                                  0.13 kB │ gzip:   0.11 kB
dist/assets/useRouter-DTQ3YH1D.js                                     0.14 kB │ gzip:   0.13 kB
dist/assets/minus-fA8gpEVu.js                                         0.14 kB │ gzip:   0.15 kB
dist/assets/root-CDpNo7ef.js                                          0.14 kB │ gzip:   0.12 kB
dist/assets/check-CNF8cXtC.js                                         0.15 kB │ gzip:   0.16 kB
dist/assets/edit-BTKtVRtr.js                                          0.15 kB │ gzip:   0.15 kB
dist/assets/chevron-down-D-sn6E91.js                                  0.15 kB │ gzip:   0.15 kB
dist/assets/chevron-up-MO-zAV_k.js                                    0.15 kB │ gzip:   0.15 kB
dist/assets/chevron-left-YJpSYuxF.js                                  0.15 kB │ gzip:   0.16 kB
dist/assets/chevron-right-h_J53OOT.js                                 0.15 kB │ gzip:   0.15 kB
dist/assets/custom-resources-7xaWp4qM.js                              0.17 kB │ gzip:   0.16 kB
dist/assets/square-Bld2sn4h.js                                        0.17 kB │ gzip:   0.16 kB
dist/assets/plus-C3jDnHHT.js                                          0.18 kB │ gzip:   0.16 kB
dist/assets/x-KSmFlg95.js                                             0.18 kB │ gzip:   0.17 kB
dist/assets/cloud-Sy0q4Prj.js                                         0.18 kB │ gzip:   0.18 kB
dist/assets/terminal-CWup1Diu.js                                      0.19 kB │ gzip:   0.17 kB
dist/assets/arrow-down-CGA8RLvL.js                                    0.19 kB │ gzip:   0.17 kB
dist/assets/arrow-left-D87CNcVr.js                                    0.19 kB │ gzip:   0.18 kB
dist/assets/arrow-right-B29Kp3PT.js                                   0.19 kB │ gzip:   0.18 kB
dist/assets/loader-circle-CoTh6uNE.js                                 0.19 kB │ gzip:   0.18 kB
dist/assets/useLocation-BR3ieXA_.js                                   0.19 kB │ gzip:   0.16 kB
dist/assets/clock-BmndWlCF.js                                         0.19 kB │ gzip:   0.18 kB
dist/assets/chevrons-up-down-CYZTYMei.js                              0.20 kB │ gzip:   0.17 kB
dist/assets/search-DgW3S6xP.js                                        0.20 kB │ gzip:   0.18 kB
dist/assets/gauge-Rb6QdCr-.js                                         0.20 kB │ gzip:   0.18 kB
dist/assets/system-component-availability-BV5aZlFg.js                 0.20 kB │ gzip:   0.17 kB
dist/assets/ban-Cd3YL94Q.js                                           0.21 kB │ gzip:   0.18 kB
dist/assets/useNavigate-uBOi-Njx.js                                   0.21 kB │ gzip:   0.18 kB
dist/assets/play-DfhBkYcB.js                                          0.21 kB │ gzip:   0.19 kB
dist/assets/rotate-ccw-juIWDeHE.js                                    0.22 kB │ gzip:   0.20 kB
dist/assets/rotate-cw-C1EWLsGi.js                                     0.23 kB │ gzip:   0.20 kB
dist/assets/info-DvbGqxmx.js                                          0.23 kB │ gzip:   0.19 kB
dist/assets/lock-B8ufRZWC.js                                          0.23 kB │ gzip:   0.21 kB
dist/assets/chart-line-DeX0VZZq.js                                    0.23 kB │ gzip:   0.20 kB
dist/assets/auth-DiyzfYTH.js                                          0.23 kB │ gzip:   0.18 kB
dist/assets/circle-check-C7paOCas.js                                  0.23 kB │ gzip:   0.20 kB
dist/assets/use-clock-DApXDODn.js                                     0.23 kB │ gzip:   0.19 kB
dist/assets/pause-D5a_iPQz.js                                         0.24 kB │ gzip:   0.18 kB
dist/assets/mail-Cc_vDRYU.js                                          0.24 kB │ gzip:   0.21 kB
dist/assets/backup-drill-hooks-CE6dYLc2.js                            0.24 kB │ gzip:   0.18 kB
dist/assets/grafana-CoF9ZpNw.js                                       0.24 kB │ gzip:   0.19 kB
dist/assets/circle-check-big-Bj_Ev6Uh.js                              0.24 kB │ gzip:   0.21 kB
dist/assets/secrets-DsRcYL08.js                                       0.25 kB │ gzip:   0.21 kB
dist/assets/circle-x-D6a3Gg6L.js                                      0.25 kB │ gzip:   0.20 kB
dist/assets/folder-BYVAhd1V.js                                        0.25 kB │ gzip:   0.20 kB
dist/assets/git-branch-0TZvNfys.js                                    0.25 kB │ gzip:   0.21 kB
dist/assets/use-cluster-stack-status-Br1eKnHP.js                      0.25 kB │ gzip:   0.20 kB
dist/assets/useParams-Bd-FBoqx.js                                     0.25 kB │ gzip:   0.19 kB
dist/assets/workloads-Ces846Qy.js                                     0.25 kB │ gzip:   0.21 kB
dist/assets/log-out-4ITHgoTv.js                                       0.25 kB │ gzip:   0.21 kB
dist/assets/upload-CbaUGNrp.js                                        0.25 kB │ gzip:   0.21 kB
dist/assets/download-D-gRySP0.js                                      0.26 kB │ gzip:   0.21 kB
dist/assets/activity-B0e14TuT.js                                      0.26 kB │ gzip:   0.22 kB
dist/assets/copy-DKj7A10C.js                                          0.26 kB │ gzip:   0.23 kB
dist/assets/globe-DcyU0CvA.js                                         0.27 kB │ gzip:   0.21 kB
dist/assets/link-2-D125WMqT.js                                        0.27 kB │ gzip:   0.22 kB
dist/assets/database-CfHOuVPD.js                                      0.27 kB │ gzip:   0.22 kB
dist/assets/camelize-C1Pqx8-K.js                                      0.27 kB │ gzip:   0.21 kB
dist/assets/_-BRlaFKjS.js                                             0.28 kB │ gzip:   0.23 kB
dist/assets/external-link-DN8O4j1L.js                                 0.28 kB │ gzip:   0.22 kB
dist/assets/settings-2-DxlziVCM.js                                    0.28 kB │ gzip:   0.21 kB
dist/assets/archive-T9Vr5PiP.js                                       0.28 kB │ gzip:   0.23 kB
dist/assets/lock-keyhole-C1KozY93.js                                  0.28 kB │ gzip:   0.24 kB
dist/assets/eye-DYk_zqyr.js                                           0.28 kB │ gzip:   0.22 kB
dist/assets/search-x-DDBI8Y8Y.js                                      0.28 kB │ gzip:   0.22 kB
dist/assets/key-EZuTUZ3X.js                                           0.29 kB │ gzip:   0.24 kB
dist/assets/rotate-ccw-clock-Bh2Q8U66.js                              0.29 kB │ gzip:   0.23 kB
dist/assets/square-terminal-Bl6wW5Vy.js                               0.29 kB │ gzip:   0.23 kB
dist/assets/shield-Bby5NaCM.js                                        0.30 kB │ gzip:   0.24 kB
dist/assets/chart-column-BjhcufaQ.js                                  0.30 kB │ gzip:   0.23 kB
dist/assets/circle-alert-8kYwp28C.js                                  0.30 kB │ gzip:   0.21 kB
dist/assets/ClientOnly-Cwi6-Zg9.js                                    0.30 kB │ gzip:   0.23 kB
dist/assets/pencil-C6LjEboZ.js                                        0.30 kB │ gzip:   0.24 kB
dist/assets/status-store-_22FUhS_.js                                  0.30 kB │ gzip:   0.22 kB
dist/assets/circle-question-mark-q8RP5Ad1.js                          0.31 kB │ gzip:   0.24 kB
dist/assets/book-open-8JTxk_oK.js                                     0.31 kB │ gzip:   0.24 kB
dist/assets/bell-DQ8GtLFH.js                                          0.31 kB │ gzip:   0.25 kB
dist/assets/send-BbyPju7o.js                                          0.31 kB │ gzip:   0.24 kB
dist/assets/triangle-alert-CMb9b51q.js                                0.32 kB │ gzip:   0.24 kB
dist/assets/use-operation-intent-DxjTVFoU.js                          0.32 kB │ gzip:   0.23 kB
dist/assets/hash-B6e7OMwu.js                                          0.32 kB │ gzip:   0.20 kB
dist/assets/wrench-D7lyn1uv.js                                        0.33 kB │ gzip:   0.25 kB
dist/assets/braces-CwAMrnCq.js                                        0.33 kB │ gzip:   0.24 kB
dist/assets/users-KHi8RDCx.js                                         0.33 kB │ gzip:   0.24 kB
dist/assets/box-klaq2z7c.js                                           0.33 kB │ gzip:   0.24 kB
dist/assets/pencil-line-C4uNI9XA.js                                   0.34 kB │ gzip:   0.26 kB
dist/assets/shield-check-Dpef1CkE.js                                  0.34 kB │ gzip:   0.26 kB
dist/assets/refresh-cw-BxIK8sh_.js                                    0.35 kB │ gzip:   0.24 kB
dist/assets/save-BupV-obt.js                                          0.35 kB │ gzip:   0.24 kB
dist/assets/bot-F5tZofcR.js                                           0.35 kB │ gzip:   0.24 kB
dist/assets/git-fork-BxBZ3K6-.js                                      0.35 kB │ gzip:   0.25 kB
dist/assets/use-draft-DONaYUw8.js                                     0.36 kB │ gzip:   0.22 kB
dist/assets/server-DN4mRLwJ.js                                        0.36 kB │ gzip:   0.23 kB
dist/assets/textarea-60QDahlm.js                                      0.37 kB │ gzip:   0.27 kB
dist/assets/trash-NTVIPtyH.js                                         0.37 kB │ gzip:   0.24 kB
dist/assets/folder-kanban-DXDGIv7U.js                                 0.37 kB │ gzip:   0.26 kB
dist/assets/scroll-text-CQPentcs.js                                   0.37 kB │ gzip:   0.25 kB
dist/assets/layout-dashboard-B40PUINi.js                              0.38 kB │ gzip:   0.22 kB
dist/assets/webhook-C6apTxdH.js                                       0.38 kB │ gzip:   0.28 kB
dist/assets/crosshair-BiylcT5Q.js                                     0.38 kB │ gzip:   0.24 kB
dist/assets/shield-alert-B_bZxFQx.js                                  0.38 kB │ gzip:   0.27 kB
dist/assets/key-round-DJElyLEl.js                                     0.38 kB │ gzip:   0.27 kB
dist/assets/orbit-BWVyQkcJ.js                                         0.38 kB │ gzip:   0.26 kB
dist/assets/errors-CSk7_S6q.js                                        0.39 kB │ gzip:   0.18 kB
dist/assets/package-BkaXOm3l.js                                       0.40 kB │ gzip:   0.27 kB
dist/assets/radio-CPkEUYNZ.js                                         0.40 kB │ gzip:   0.27 kB
dist/assets/file-search-BwK6hjjm.js                                   0.40 kB │ gzip:   0.28 kB
dist/assets/file-code-corner-AGq4z6A7.js                              0.41 kB │ gzip:   0.28 kB
dist/assets/network-DUsVQpAM.js                                       0.41 kB │ gzip:   0.25 kB
dist/assets/file-text-BDnVil25.js                                     0.41 kB │ gzip:   0.26 kB
dist/assets/hard-drive-CJ5mEksc.js                                    0.41 kB │ gzip:   0.27 kB
dist/assets/jsx-runtime-BtH0gOTJ.js                                   0.42 kB │ gzip:   0.29 kB
dist/assets/shield-off-DaT6vfN5.js                                    0.42 kB │ gzip:   0.30 kB
dist/assets/public-settings-BuA6g-u4.js                               0.43 kB │ gzip:   0.27 kB
dist/assets/clipboard-list-dQi2BTNv.js                                0.44 kB │ gzip:   0.28 kB
dist/assets/route-BbPQ2UZl.js                                         0.45 kB │ gzip:   0.31 kB
dist/assets/sliders-horizontal-DvHFFS5b.js                            0.45 kB │ gzip:   0.25 kB
dist/assets/cluster-search-xmdE8CIB.js                                0.45 kB │ gzip:   0.33 kB
dist/assets/eye-off-DPxe1pfm.js                                       0.45 kB │ gzip:   0.29 kB
dist/assets/file-archive-DwJPswMk.js                                  0.46 kB │ gzip:   0.30 kB
dist/assets/delivery-common-BhxCFA-8.js                               0.46 kB │ gzip:   0.30 kB
dist/assets/cluster-estate-table-C6e1KJwO.js                          0.46 kB │ gzip:   0.31 kB
dist/assets/unplug-BJU1hU2y.js                                        0.46 kB │ gzip:   0.28 kB
dist/assets/layers-DXnt_iN-.js                                        0.47 kB │ gzip:   0.27 kB
dist/assets/package-plus-CZvYh7YN.js                                  0.47 kB │ gzip:   0.30 kB
dist/assets/container-BeJA6qRN.js                                     0.47 kB │ gzip:   0.31 kB
dist/assets/rocket-CU2UNIau.js                                        0.48 kB │ gzip:   0.32 kB
dist/assets/shield-ban-BxU9ae3B.js                                    0.49 kB │ gzip:   0.32 kB
dist/assets/star-DmXp28aP.js                                          0.50 kB │ gzip:   0.31 kB
dist/assets/settings-Bo3pAFZC.js                                      0.51 kB │ gzip:   0.27 kB
dist/assets/chart-colors-DHYMV9PS.js                                  0.51 kB │ gzip:   0.16 kB
dist/assets/idempotency-CIQ0KDSm.js                                   0.53 kB │ gzip:   0.32 kB
dist/assets/sparkles-CllRd_sp.js                                      0.54 kB │ gzip:   0.31 kB
dist/assets/card-DMTsXE6e.js                                          0.58 kB │ gzip:   0.33 kB
dist/assets/puzzle-DMO1Of7M.js                                        0.60 kB │ gzip:   0.29 kB
dist/assets/auth-gate-DeKtfk4s.js                                     0.60 kB │ gzip:   0.39 kB
dist/assets/useMatch-D4VO0HbQ.js                                      0.60 kB │ gzip:   0.38 kB
dist/assets/delivery-system-BzDrl2Nu.js                               0.63 kB │ gzip:   0.33 kB
dist/assets/dist-DWyupat5.js                                          0.64 kB │ gzip:   0.39 kB
dist/assets/tool-status-DwTxgqd2.js                                   0.65 kB │ gzip:   0.23 kB
dist/assets/ExtensionErrorBoundary-Cj1TiJqV.js                        0.65 kB │ gzip:   0.41 kB
dist/assets/public-settings-BwLiCO7t.js                               0.65 kB │ gzip:   0.34 kB
dist/assets/input-R93-H5dP.js                                         0.68 kB │ gzip:   0.40 kB
dist/assets/sliders-vertical-BZJzNGRm.js                              0.69 kB │ gzip:   0.36 kB
dist/assets/lazyRouteComponent-B6Ur3rEV.js                            0.69 kB │ gzip:   0.43 kB
dist/assets/kubernetes-resources-CYsRs5uz.js                          0.71 kB │ gzip:   0.30 kB
dist/assets/route-CneJPpFC.js                                         0.72 kB │ gzip:   0.48 kB
dist/assets/provider-badge-f1VrjLAd.js                                0.73 kB │ gzip:   0.41 kB
dist/assets/use-cluster-discovery-nav-CNW6gOaV.js                     0.73 kB │ gzip:   0.45 kB
dist/assets/policy-queries-Damm1GfW.js                                0.73 kB │ gzip:   0.37 kB
dist/assets/badge-4SkUp53m.js                                         0.74 kB │ gzip:   0.39 kB
dist/assets/browser-state-Dc9yX8fX.js                                 0.75 kB │ gzip:   0.46 kB
dist/assets/use-search-param-CbnL6SQc.js                              0.77 kB │ gzip:   0.47 kB
dist/assets/event-client-D_me3P1L.js                                  0.80 kB │ gzip:   0.44 kB
dist/assets/cluster-discovery-model-BbHlmmLF.js                       0.81 kB │ gzip:   0.47 kB
dist/assets/admin-security-V5Ky6l7j.js                                0.83 kB │ gzip:   0.43 kB
dist/assets/table-CyGDjc0X.js                                         0.83 kB │ gzip:   0.36 kB
dist/assets/query-keys-wMrS8SwA.js                                    0.84 kB │ gzip:   0.31 kB
dist/assets/store-1lK911YB.js                                         0.85 kB │ gzip:   0.41 kB
dist/assets/server-cog-zFNlDbLg.js                                    0.85 kB │ gzip:   0.40 kB
dist/assets/switch-HpCX32hw.js                                        0.87 kB │ gzip:   0.52 kB
dist/assets/boxes-BT7wokZI.js                                         0.88 kB │ gzip:   0.41 kB
dist/assets/resource-action-policy-CKLk83mS.js                        0.88 kB │ gzip:   0.43 kB
dist/assets/pagination-W96jXvvX.js                                    0.89 kB │ gzip:   0.42 kB
dist/assets/entity-names-DvXYIXJ-.js                                  0.97 kB │ gzip:   0.48 kB
dist/assets/offset-pagination-BzcumBG7.js                             0.99 kB │ gzip:   0.56 kB
dist/assets/delivery-sources-hzTX_TxN.js                              0.99 kB │ gzip:   0.50 kB
dist/assets/delivery-deployments-BPWfdGnG.js                          1.01 kB │ gzip:   0.50 kB
dist/assets/resource-search-BMqAeiMy.js                               1.02 kB │ gzip:   0.47 kB
dist/assets/query-states-DfDh9uRR.js                                  1.03 kB │ gzip:   0.53 kB
dist/assets/-hooks-Csrz7ydY.js                                        1.04 kB │ gzip:   0.49 kB
dist/assets/grafana-DHvbmH3S.js                                       1.05 kB │ gzip:   0.63 kB
dist/assets/delivery-bundles-C_PekcAr.js                              1.06 kB │ gzip:   0.44 kB
dist/assets/cluster-scope-project-CFJYTxYZ.js                         1.10 kB │ gzip:   0.64 kB
dist/assets/useInfiniteQuery-Bgu2YTQY.js                              1.11 kB │ gzip:   0.46 kB
dist/assets/action-button-CapEWua2.js                                 1.12 kB │ gzip:   0.65 kB
dist/assets/audit-reason-form-B8mgct-C.js                             1.13 kB │ gzip:   0.61 kB
dist/assets/cluster-registration-f2UvzrEx.js                          1.17 kB │ gzip:   0.52 kB
dist/assets/memory-stick-CArssq5Q.js                                  1.17 kB │ gzip:   0.45 kB
dist/assets/preload-helper-BZ1Pz5am.js                                1.21 kB │ gzip:   0.69 kB
dist/assets/resource-navigation-context-Blfx6jWp.js                   1.21 kB │ gzip:   0.69 kB
dist/assets/route-nUg5n_kP.js                                         1.25 kB │ gzip:   0.71 kB
dist/assets/projects-DhvdiXAR.js                                      1.26 kB │ gzip:   0.60 kB
dist/assets/route-Bgjc7S6b.js                                         1.27 kB │ gzip:   0.72 kB
dist/assets/_name-Cnbhpmmf.js                                         1.31 kB │ gzip:   0.67 kB
dist/assets/ExtensionProvider-BFl5bFcw.js                             1.38 kB │ gzip:   0.70 kB
dist/assets/auth-DLuovun6.js                                          1.40 kB │ gzip:   0.72 kB
dist/assets/delivery-targets-DilrzdRn.js                              1.46 kB │ gzip:   0.58 kB
dist/assets/drawer-shell-Bh_BFyKc.js                                  1.47 kB │ gzip:   0.73 kB
dist/assets/resources-BwnUcNnL.js                                     1.51 kB │ gzip:   0.72 kB
dist/assets/window-manager-store-CWbJTzqu.js                          1.60 kB │ gzip:   0.72 kB
dist/assets/delivery-configuration-CyWOtAgZ.js                        1.63 kB │ gzip:   0.65 kB
dist/assets/pickers-D2BvRTFU.js                                       1.63 kB │ gzip:   0.63 kB
dist/assets/modal-shell-FADwWR4t.js                                   1.71 kB │ gzip:   0.78 kB
dist/assets/dashboards-Bp10UMTr.js                                    1.72 kB │ gzip:   0.67 kB
dist/assets/remote-project-picker-aQt2Um9p.js                         1.74 kB │ gzip:   0.92 kB
dist/assets/code-block-DEohPY4V.js                                    1.75 kB │ gzip:   0.81 kB
dist/assets/new-DeUoWTFA.js                                           1.75 kB │ gzip:   0.93 kB
dist/assets/useSelector-Kal6Ri2E.js                                   1.88 kB │ gzip:   0.82 kB
dist/assets/projects-BeML1jZD.js                                      1.95 kB │ gzip:   0.79 kB
dist/assets/adoption-Fh0GC05o.js                                      2.00 kB │ gzip:   0.89 kB
dist/assets/cluster-grafana-view-DTTvvpkc.js                          2.02 kB │ gzip:   1.04 kB
dist/assets/operation-timeline-CY7BpQRH.js                            2.04 kB │ gzip:   0.81 kB
dist/assets/quotas-m5bYtdvz.js                                        2.16 kB │ gzip:   0.75 kB
dist/assets/delivery-rollouts-DaWK3zMR.js                             2.16 kB │ gzip:   0.81 kB
dist/assets/shell-BWQtqlwb.js                                         2.17 kB │ gzip:   1.00 kB
dist/assets/admin-utils-BADigWCt.js                                   2.17 kB │ gzip:   1.09 kB
dist/assets/edit-CkC52Xy_.js                                          2.25 kB │ gzip:   1.12 kB
dist/assets/paged-select-DSEA-zga.js                                  2.26 kB │ gzip:   1.14 kB
dist/assets/route-mf8G6_Px.js                                         2.26 kB │ gzip:   1.03 kB
dist/assets/permissions-CdwK8U-3.js                                   2.27 kB │ gzip:   0.86 kB
dist/assets/audit-CuCQ_qgS.js                                         2.29 kB │ gzip:   1.00 kB
dist/assets/settings-Dh5ccvyz.js                                      2.36 kB │ gzip:   0.95 kB
dist/assets/overlay-shell-C6gwVOUY.js                                 2.44 kB │ gzip:   1.08 kB
dist/assets/edit-DFhtlmb9.js                                          2.46 kB │ gzip:   1.14 kB
dist/assets/metric-card-Dn1kM0G4.js                                   2.48 kB │ gzip:   1.04 kB
dist/assets/route--Gy6vHuw.js                                         2.50 kB │ gzip:   1.11 kB
dist/assets/form-shell-C1zw2DyQ.js                                    2.52 kB │ gzip:   1.13 kB
dist/assets/cluster-service-mesh-C8NzOYX7.js                          2.57 kB │ gzip:   0.97 kB
dist/assets/hooks-BMbLa1Nf.js                                         2.57 kB │ gzip:   1.24 kB
dist/assets/rbac-B4KP8H0l.js                                          2.59 kB │ gzip:   0.85 kB
dist/assets/delivery-DKNqIHc_.js                                      2.61 kB │ gzip:   1.18 kB
dist/assets/action-menu-sKZuBPKW.js                                   2.62 kB │ gzip:   1.27 kB
dist/assets/operation-mutation-Cg9b_j51.js                            2.62 kB │ gzip:   1.21 kB
dist/assets/confirm-dialog-DBJkYvyZ.js                                2.63 kB │ gzip:   1.09 kB
dist/assets/route-COz7Yq1H.js                                         2.67 kB │ gzip:   1.24 kB
dist/assets/charlie-BpBMbzNT.js                                       2.69 kB │ gzip:   1.29 kB
dist/assets/user-preferences-BqegtYuF.js                              2.71 kB │ gzip:   1.21 kB
dist/assets/clusters-DCIGpzwM.js                                      2.80 kB │ gzip:   1.12 kB
dist/assets/exec-tab-CQQsVJMO.js                                      2.93 kB │ gzip:   1.18 kB
dist/assets/forgot-password-DDd4gPJq.js                               2.96 kB │ gzip:   1.26 kB
dist/assets/templates-CHPjoLKL.js                                     2.97 kB │ gzip:   1.12 kB
dist/assets/quota-DfPp_JYC.js                                         2.98 kB │ gzip:   1.17 kB
dist/assets/account-security-Cj7jC-H7.js                              3.01 kB │ gzip:   1.13 kB
dist/assets/-pipeline-namespaces-Cmf7-8F3.js                          3.03 kB │ gzip:   1.23 kB
dist/assets/new-WEB5d4KW.js                                           3.09 kB │ gzip:   1.21 kB
dist/assets/remote-role-picker-PpGZ5s0b.js                            3.17 kB │ gzip:   1.55 kB
dist/assets/invariant-BbRkGpVP.js                                     3.18 kB │ gzip:   1.44 kB
dist/assets/useDebouncedValue-Dpm_ijxP.js                             3.20 kB │ gzip:   1.28 kB
dist/assets/monitoring-stack-CdvzfIrN.js                              3.21 kB │ gzip:   1.33 kB
dist/assets/_id-61PLgdqe.js                                           3.26 kB │ gzip:   1.38 kB
dist/assets/scim-tokens-CGb2mNb-.js                                   3.27 kB │ gzip:   1.44 kB
dist/assets/registration-timeline-BWiRvNlY.js                         3.29 kB │ gzip:   1.62 kB
dist/assets/cluster-velero-Wzd6lTPL.js                                3.40 kB │ gzip:   1.13 kB
dist/assets/baselines-BLiloTCu.js                                     3.40 kB │ gzip:   1.37 kB
dist/assets/webhooks-DAvDaozd.js                                      3.40 kB │ gzip:   1.49 kB
dist/assets/empty-state-C8XmkicT.js                                   3.42 kB │ gzip:   1.42 kB
dist/assets/useQueries-BbQMD60i.js                                    3.44 kB │ gzip:   1.47 kB
dist/assets/tools-BSqUFth-.js                                         3.45 kB │ gzip:   1.42 kB
dist/assets/target-overrides-editor-CZjXOKWI.js                       3.48 kB │ gzip:   1.42 kB
dist/assets/group-mappings-Bh_g8HYr.js                                3.49 kB │ gzip:   1.40 kB
dist/assets/_nodeName-qXLCZQh-.js                                     3.51 kB │ gzip:   1.55 kB
dist/assets/workloads-BEZw-UHv.js                                     3.61 kB │ gzip:   1.49 kB
dist/assets/new-C6C4E10V.js                                           3.64 kB │ gzip:   1.44 kB
dist/assets/new-B2qG3x39.js                                           3.65 kB │ gzip:   1.51 kB
dist/assets/preferences-C5hYzmVk.js                                   3.65 kB │ gzip:   1.55 kB
dist/assets/_versionId-YY71H7dn.js                                    3.69 kB │ gzip:   1.79 kB
dist/assets/monitoring-D91gwF2O.js                                    3.70 kB │ gzip:   1.61 kB
dist/assets/stacks-CBu_Sp48.js                                        3.71 kB │ gzip:   1.64 kB
dist/assets/shell-sessions-CLh0Ls3V.js                                3.72 kB │ gzip:   1.49 kB
dist/assets/settings-backup-drill-DNA0zWAU.js                         3.77 kB │ gzip:   1.42 kB
dist/assets/header-cluster-actions-DwYwaf0v.js                        3.83 kB │ gzip:   1.78 kB
dist/assets/react-dom-DEdkSy2c.js                                     3.85 kB │ gzip:   1.39 kB
dist/assets/quotas-LbCEcjB-.js                                        3.87 kB │ gzip:   1.58 kB
dist/assets/new-DE2l3Gth.js                                           3.88 kB │ gzip:   1.35 kB
dist/assets/gitops-4OSPsqfc.js                                        3.92 kB │ gzip:   1.61 kB
dist/assets/new-BCVeOE-d.js                                           3.97 kB │ gzip:   1.40 kB
dist/assets/extensions-BKkVpn4g.js                                    4.00 kB │ gzip:   1.35 kB
dist/assets/new-CWFY1aFN.js                                           4.00 kB │ gzip:   1.43 kB
dist/assets/route-BEB4ii_v.js                                         4.05 kB │ gzip:   1.31 kB
dist/assets/-page-BellUI5z.js                                         4.11 kB │ gzip:   1.88 kB
dist/assets/tools-CaBPF69t.js                                         4.12 kB │ gzip:   1.48 kB
dist/assets/settings-CcyOP2Nt.js                                      4.16 kB │ gzip:   1.39 kB
dist/assets/compliance-51uCj10O.js                                    4.21 kB │ gzip:   1.69 kB
dist/assets/mtls-DJ_n7r2x.js                                          4.22 kB │ gzip:   1.54 kB
dist/assets/store-BFd9qtpy.js                                         4.24 kB │ gzip:   1.61 kB
dist/assets/-page-8ZTqnX7U.js                                         4.27 kB │ gzip:   1.89 kB
dist/assets/widget-grid-cgZWpRQ2.js                                   4.31 kB │ gzip:   1.76 kB
dist/assets/cluster-vulnerabilities-CgZDW8C6.js                       4.37 kB │ gzip:   1.52 kB
dist/assets/rbac-CPARH1WI.js                                          4.40 kB │ gzip:   1.52 kB
dist/assets/read-audit-BkBg3Q8Q.js                                    4.43 kB │ gzip:   1.84 kB
dist/assets/-page-BQys52XW.js                                         4.50 kB │ gzip:   1.93 kB
dist/assets/cluster-templates-CWASmLnp.js                             4.52 kB │ gzip:   1.83 kB
dist/assets/new-DiPlj9aP.js                                           4.55 kB │ gzip:   1.80 kB
dist/assets/k8s-paths-GU5xde2x.js                                     4.56 kB │ gzip:   1.13 kB
dist/assets/hooks-DtH2zOhq.js                                         4.63 kB │ gzip:   1.50 kB
dist/assets/new-DptFXckU.js                                           4.66 kB │ gzip:   1.62 kB
dist/assets/user-settings-DaIJ81bR.js                                 4.66 kB │ gzip:   1.67 kB
dist/assets/cluster-scope-BiU_xWBt.js                                 4.79 kB │ gzip:   1.97 kB
dist/assets/connector-meta-ByQY3gOm.js                                4.85 kB │ gzip:   1.81 kB
dist/assets/resource-action-menu-y7q_uUdg.js                          4.86 kB │ gzip:   2.34 kB
dist/assets/change-password-CphlxpCV.js                               4.90 kB │ gzip:   1.98 kB
dist/assets/usage-B7zAfcjg.js                                         4.91 kB │ gzip:   1.78 kB
dist/assets/new-lNgfCXRN.js                                           5.14 kB │ gzip:   1.68 kB
dist/assets/hooks-CcVlb9Gy.js                                         5.15 kB │ gzip:   1.27 kB
dist/assets/settings-navigation-DqFrV4fg.js                           5.53 kB │ gzip:   2.20 kB
dist/assets/monitoring-stack-Du77Mcca.js                              5.59 kB │ gzip:   1.42 kB
dist/assets/alerting-D7HEv0yl.js                                      5.66 kB │ gzip:   1.73 kB
dist/assets/useMutation-C3fOi1E8.js                                   5.71 kB │ gzip:   1.83 kB
dist/assets/workloads-w_AyctHw.js                                     5.75 kB │ gzip:   2.10 kB
dist/assets/ExtensionSlot-CGVLEuwu.js                                 5.77 kB │ gzip:   2.60 kB
dist/assets/-pipeline-editor-DRcnm0I2.js                              5.85 kB │ gzip:   2.39 kB
dist/assets/cloud-credentials-BoUeS4qH.js                             5.91 kB │ gzip:   2.04 kB
dist/assets/pod-terminal-CpoqYpWh.js                                  5.97 kB │ gzip:   2.21 kB
dist/assets/reset-password-DXhBf8vt.js                                6.01 kB │ gzip:   2.18 kB
dist/assets/register-sso-DQGf3nG4.js                                  6.12 kB │ gzip:   2.20 kB
dist/assets/shared-BevKJ5OW.js                                        6.16 kB │ gzip:   2.71 kB
dist/assets/connector-form-ypxhsI7l.js                                6.48 kB │ gzip:   2.24 kB
dist/assets/SandboxedExtension-Co-ZH1j8.js                            6.48 kB │ gzip:   2.67 kB
dist/assets/_id-Dg1o7A_P.js                                           6.58 kB │ gzip:   2.12 kB
dist/assets/-create-target-dialog-CKWqfkrO.js                         6.60 kB │ gzip:   2.21 kB
dist/assets/new-TCaDx_P3.js                                           6.64 kB │ gzip:   1.95 kB
dist/assets/_name-CjEaQx55.js                                         6.65 kB │ gzip:   2.15 kB
dist/assets/network-policies-Cxl_yDd9.js                              6.80 kB │ gzip:   2.31 kB
dist/assets/credential-form-CBDVMDOM.js                               6.80 kB │ gzip:   2.33 kB
dist/assets/new-B4ADAaGd.js                                           6.85 kB │ gzip:   1.90 kB
dist/assets/kubernetes-proxy-_b1eIcwd.js                              6.87 kB │ gzip:   2.19 kB
dist/assets/catalogs-DD3Ru1nB.js                                      6.87 kB │ gzip:   2.26 kB
dist/assets/cis-scans-tab-Df3APNro.js                                 6.88 kB │ gzip:   2.43 kB
dist/assets/logging-C6TpCBqi.js                                       6.95 kB │ gzip:   2.24 kB
dist/assets/_id-D9-6oXvE.js                                           7.00 kB │ gzip:   2.67 kB
dist/assets/lazy-guided-resource-form-DOlGnZ2i.js                     7.02 kB │ gzip:   3.09 kB
dist/assets/new-CFAd5hoG.js                                           7.02 kB │ gzip:   2.38 kB
dist/assets/-native-rules-tab-C3dYpKhR.js                             7.11 kB │ gzip:   2.80 kB
dist/assets/system-components-C14uHjWD.js                             7.25 kB │ gzip:   2.67 kB
dist/assets/gitops-Oa9T14QS.js                                        7.32 kB │ gzip:   2.51 kB
dist/assets/remote-cluster-picker-OFh-VZMP.js                         7.32 kB │ gzip:   3.00 kB
dist/assets/install-CoCojaIK.js                                       7.33 kB │ gzip:   2.61 kB
dist/assets/hooks-vaYC5KbT.js                                         7.35 kB │ gzip:   1.85 kB
dist/assets/-page-C-Ien4Vs.js                                         7.62 kB │ gzip:   2.78 kB
dist/assets/command-palette-dialog-CHb7qDqr.js                        7.63 kB │ gzip:   2.73 kB
dist/assets/-page-MXOVOezy.js                                         7.67 kB │ gzip:   2.73 kB
dist/assets/custom-resources-page-H5Cn1aye.js                         7.82 kB │ gzip:   2.96 kB
dist/assets/-page-DwxtmVXV.js                                         7.92 kB │ gzip:   2.82 kB
dist/assets/-events-tab-C69VRfLP.js                                   8.02 kB │ gzip:   2.62 kB
dist/assets/baselines-DJzrd8b9.js                                     8.12 kB │ gzip:   2.83 kB
dist/assets/-page-DGRw3Gyz.js                                         8.21 kB │ gzip:   3.68 kB
dist/assets/auth-DZbET6mS.js                                          8.22 kB │ gzip:   2.56 kB
dist/assets/edit-cluster-modal-BkDD3Mr_.js                            8.44 kB │ gzip:   2.57 kB
dist/assets/charlie-capability-C9sy-_us.js                            8.45 kB │ gzip:   3.70 kB
dist/assets/react-DB-4Zxce.js                                         8.52 kB │ gzip:   3.28 kB
dist/assets/-page-C20Muzjt.js                                         8.75 kB │ gzip:   3.22 kB
dist/assets/project-detail-B1v-Pf0V.js                                8.78 kB │ gzip:   2.67 kB
dist/assets/DeclarativeWidget-C0dRo4Iv.js                             8.84 kB │ gzip:   3.33 kB
dist/assets/clusters-BGg6EwtI.js                                      8.95 kB │ gzip:   2.97 kB
dist/assets/control-plane-snapshots-C9K2kZ3l.js                       8.95 kB │ gzip:   3.35 kB
dist/assets/new-BCmDzAlr.js                                           8.97 kB │ gzip:   2.92 kB
dist/assets/charlie-shell-CQqlaemc.js                                 9.03 kB │ gzip:   3.35 kB
dist/assets/extensions-jxisUPnP.js                                    9.04 kB │ gzip:   2.54 kB
dist/assets/metrics-CMYcd2Ww.js                                       9.17 kB │ gzip:   3.04 kB
dist/assets/-page-Civ5hZ36.js                                         9.69 kB │ gzip:   3.71 kB
dist/assets/_id-qJxsk-_C.js                                           9.72 kB │ gzip:   3.17 kB
dist/assets/_id-CT2QcB6N.js                                           9.87 kB │ gzip:   3.39 kB
dist/assets/gatekeeper-DoyDrjZh.js                                    9.87 kB │ gzip:   3.45 kB
dist/assets/smtp-BnHGBuK3.js                                          9.96 kB │ gzip:   3.30 kB
dist/assets/projects-fzZwTir0.js                                     10.05 kB │ gzip:   3.25 kB
dist/assets/charlie-admin-DgH7FmlL.js                                10.22 kB │ gzip:   3.37 kB
dist/assets/network-policies-D1JDb8M8.js                             10.25 kB │ gzip:   3.05 kB
dist/assets/logs-tab-Ce0-ZHA7.js                                     10.29 kB │ gzip:   3.30 kB
dist/assets/_componentId-rh_Mzfoy.js                                 10.34 kB │ gzip:   3.28 kB
dist/assets/vault-BsJoZqWH.js                                        10.44 kB │ gzip:   3.22 kB
dist/assets/_key-DgqVEudh.js                                         10.56 kB │ gzip:   3.21 kB
dist/assets/create-binding-modal-Dx9u-tbr.js                         10.87 kB │ gzip:   3.75 kB
dist/assets/cluster-shell-C_gnlzft.js                                11.16 kB │ gzip:   3.67 kB
dist/assets/stack-spec-BYBXRkHF.js                                   11.22 kB │ gzip:   3.14 kB
dist/assets/template-CHxcRYGT.js                                     11.30 kB │ gzip:   3.86 kB
dist/assets/_scanId-DK80_VWw.js                                      11.32 kB │ gzip:   3.73 kB
dist/assets/settings-B4S3cgNp.js                                     11.34 kB │ gzip:   3.63 kB
dist/assets/template-form-wfi_9_Kr.js                                11.41 kB │ gzip:   3.04 kB
dist/assets/policy-DQN9ILcH.js                                       11.47 kB │ gzip:   3.57 kB
dist/assets/logging-Bj59n1vU.js                                      11.64 kB │ gzip:   4.06 kB
dist/assets/_id-CzbZwhZR.js                                          11.77 kB │ gzip:   3.14 kB
dist/assets/-page-C0K9jC_0.js                                        11.94 kB │ gzip:   3.98 kB
dist/assets/hooks-Bq6WRtKU.js                                        12.15 kB │ gzip:   3.95 kB
dist/assets/query-keys-qK2exLUj.js                                   12.42 kB │ gzip:   3.21 kB
dist/assets/resources-CdFdTyBI.js                                    13.23 kB │ gzip:   3.52 kB
dist/assets/cluster-groups-Dz7B0UIm.js                               13.40 kB │ gzip:   4.28 kB
dist/assets/alerting-DF9uri5R.js                                     13.46 kB │ gzip:   3.68 kB
dist/assets/network-access-DWmDN9ot.js                               13.66 kB │ gzip:   4.18 kB
dist/assets/login-B-4fuEUb.js                                        13.93 kB │ gzip:   4.12 kB
dist/assets/operations-CoVpBjSo.js                                   13.94 kB │ gzip:   3.74 kB
dist/assets/monaco-editor-B1noNn1a.js                                13.97 kB │ gzip:   4.76 kB
dist/assets/service-mesh--nzlvb1-.js                                 14.08 kB │ gzip:   3.84 kB
dist/assets/security-DvDrpkNq.js                                     14.11 kB │ gzip:   3.99 kB
dist/assets/widgets-su-UimMC.js                                      14.21 kB │ gzip:   3.83 kB
dist/assets/-page-B0EJLU8f.js                                        14.39 kB │ gzip:   4.51 kB
dist/assets/audit-DaQcUm10.js                                        15.02 kB │ gzip:   4.60 kB
dist/assets/dashboard-DCs6luy8.js                                    15.32 kB │ gzip:   4.49 kB
dist/assets/create-resource-dialog-BUYGLoIG.js                       15.42 kB │ gzip:   5.50 kB
dist/assets/scale-dialog-16WoQ96d.js                                 15.51 kB │ gzip:   5.23 kB
dist/assets/_-Cspe6muG.js                                            15.53 kB │ gzip:   5.00 kB
dist/assets/general-C8u7GByD.js                                      15.81 kB │ gzip:   4.98 kB
dist/assets/_id-ivvCLtJu.js                                          15.90 kB │ gzip:   5.23 kB
dist/assets/link-B7qh01qW.js                                         15.91 kB │ gzip:   6.22 kB
dist/assets/-page-D1BvVFu1.js                                        17.25 kB │ gzip:   4.84 kB
dist/assets/registries-Cxofxxr7.js                                   17.30 kB │ gzip:   4.99 kB
dist/assets/backup-CrXVEcKR.js                                       17.81 kB │ gzip:   5.66 kB
dist/assets/delivery-CF8jfkT8.js                                     21.12 kB │ gzip:   5.99 kB
dist/assets/alerting-CpDKbWES.js                                     21.21 kB │ gzip:   5.71 kB
dist/assets/platform-CbguIaoF.js                                     22.25 kB │ gzip:   6.28 kB
dist/assets/resource-list-columns-DBLBVNS6.js                        22.48 kB │ gzip:   2.86 kB
dist/assets/image-scans-DJ5EN57l.js                                  22.56 kB │ gzip:   6.39 kB
dist/assets/esm-CIX08k0P.js                                          22.64 kB │ gzip:   6.57 kB
dist/assets/register-Cbs-NnxP.js                                     22.66 kB │ gzip:   7.13 kB
dist/assets/charlie-246n1gGP.js                                      22.70 kB │ gzip:   6.39 kB
dist/assets/useQuery-Dykiez7v.js                                     22.96 kB │ gzip:   7.65 kB
dist/assets/tools-BJsM0Pfe.js                                        23.10 kB │ gzip:   7.33 kB
dist/assets/agents-BgmbkqM3.js                                       23.44 kB │ gzip:   5.71 kB
dist/assets/-page-CyZ2iGze.js                                        24.12 kB │ gzip:   6.90 kB
dist/assets/security-B4nNNKuj.js                                     24.53 kB │ gzip:   6.67 kB
dist/assets/stack-lifecycle-panel-DZBUsb5v.js                        25.83 kB │ gzip:   8.53 kB
dist/assets/logging-Gnlco9fa.js                                      27.53 kB │ gzip:   8.18 kB
dist/assets/snapshots-ByL7jTOR.js                                    27.80 kB │ gzip:   7.23 kB
dist/assets/-repositories-tab-CiTRsUxA.js                            29.00 kB │ gzip:   8.92 kB
dist/assets/catalog-DwAmMq_d.js                                      32.61 kB │ gzip:   9.37 kB
dist/assets/toast-DHUuheie.js                                        33.82 kB │ gzip:   9.45 kB
dist/assets/charlie-drawer-BwGSp2mP.js                               36.18 kB │ gzip:  10.75 kB
dist/assets/apps-L4gb4rj5.js                                         41.33 kB │ gzip:  11.33 kB
dist/assets/rbac-CW7kr57M.js                                         42.27 kB │ gzip:  11.58 kB
dist/assets/guided-resource-form-C0zOgZGD.js                         45.61 kB │ gzip:  10.77 kB
dist/assets/dist-ypbzqqCy.js                                         47.86 kB │ gzip:  16.32 kB
dist/assets/utils-BpIrqG46.js                                        58.19 kB │ gzip:  18.70 kB
dist/assets/js-yaml-DbJYK1CK.js                                      59.64 kB │ gzip:  18.00 kB
dist/assets/form-DcynJ-nY.js                                         71.20 kB │ gzip:  17.37 kB
dist/assets/resource-detail-B1tTlTON.js                              71.63 kB │ gzip:  19.33 kB
dist/assets/_resource-BDw8gHQM.js                                    72.58 kB │ gzip:  16.33 kB
dist/assets/terminal-DkJO3Zeu.js                                     81.95 kB │ gzip:  28.13 kB
dist/assets/route-xy0E-ctr.js                                        91.71 kB │ gzip:  26.69 kB
dist/assets/data-table-C4XHkDoM.js                                   94.02 kB │ gzip:  26.09 kB
dist/assets/message-parts-BN98Z8J8.js                               167.40 kB │ gzip:  49.94 kB
dist/assets/client-5SB6Xzuq.js                                      201.78 kB │ gzip:  38.90 kB
dist/assets/metrics-chart-BHCK-nGT.js                               377.98 kB │ gzip: 109.80 kB
dist/assets/index-CjE6pbqj.js                                       461.26 kB │ gzip: 133.28 kB

✓ built in 5.49s
