./scripts/test-postgres-integration.sh
{"time":"2026-09-24T21:38:13.776679206Z","level":"INFO","msg":"database migration","detail":"1/u initial (1.265298295s)"}
{"time":"2026-09-24T21:38:13.789859939Z","level":"INFO","msg":"database migration","detail":"2/u management_backup_destinations (1.27876069s)"}
{"time":"2026-09-24T21:38:13.803991324Z","level":"INFO","msg":"database migration","detail":"3/u loki_ingest_tokens (1.292580758s)"}
{"time":"2026-09-24T21:38:13.811883765Z","level":"INFO","msg":"database migration","detail":"4/u logging_outputs_is_system (1.300000097s)"}
{"time":"2026-09-24T21:38:13.821322669Z","level":"INFO","msg":"database migration","detail":"5/u security_scan_lifecycle (1.309302053s)"}
{"time":"2026-09-24T21:38:13.830779467Z","level":"INFO","msg":"database migration","detail":"6/u cluster_list_filter_indexes (1.31871687s)"}
{"time":"2026-09-24T21:38:13.840703715Z","level":"INFO","msg":"database migration","detail":"7/u cluster_status_filter_index (1.32914057s)"}
{"time":"2026-09-24T21:38:13.850383873Z","level":"INFO","msg":"database migration","detail":"8/u cluster_provider_filter_index (1.338677849s)"}
{"time":"2026-09-24T21:38:13.859993749Z","level":"INFO","msg":"database migration","detail":"9/u cluster_environment_filter_index (1.348239935s)"}
{"time":"2026-09-24T21:38:13.869329187Z","level":"INFO","msg":"database migration","detail":"10/u tool_operation_scope_index (1.357383131s)"}
{"time":"2026-09-24T21:38:13.878315589Z","level":"INFO","msg":"database migration","detail":"11/u catalog_operation_scope_index (1.367178096s)"}
{"time":"2026-09-24T21:38:13.889878504Z","level":"INFO","msg":"database migration","detail":"12/u logging_operation_scope_index (113.019711ms)"}
{"time":"2026-09-24T21:38:13.901023803Z","level":"INFO","msg":"database migration","detail":"13/u installed_chart_scope_index (111.073082ms)"}
{"time":"2026-09-24T21:38:13.910778021Z","level":"INFO","msg":"database migration","detail":"14/u anomaly_baseline_scope_index (106.654968ms)"}
{"time":"2026-09-24T21:38:13.928912228Z","level":"INFO","msg":"database migration","detail":"15/u transactional_audit_outbox (116.958802ms)"}
{"time":"2026-09-24T21:38:13.943303944Z","level":"INFO","msg":"database migration","detail":"16/u logging_saved_searches (121.87259ms)"}
{"time":"2026-09-24T21:38:13.949748004Z","level":"INFO","msg":"database migration","detail":"17/u durable_audit_siem_fanout (118.902053ms)"}
{"time":"2026-09-24T21:38:13.956782147Z","level":"INFO","msg":"database migration","detail":"18/u logging_pipeline_output_restrict (115.970629ms)"}
{"time":"2026-09-24T21:38:13.965600411Z","level":"INFO","msg":"database migration","detail":"19/u gatekeeper_constraint_reconciliation (115.124687ms)"}
{"time":"2026-09-24T21:38:13.977101893Z","level":"INFO","msg":"database migration","detail":"20/u admin_queue_operations (116.992936ms)"}
{"time":"2026-09-24T21:38:13.988591099Z","level":"INFO","msg":"database migration","detail":"21/u management_backup_sagas (119.130373ms)"}
{"time":"2026-09-24T21:38:14.009420933Z","level":"INFO","msg":"database migration","detail":"22/u resource_operations (131.035985ms)"}
{"time":"2026-09-24T21:38:14.02980544Z","level":"INFO","msg":"database migration","detail":"23/u node_operations (139.826427ms)"}
{"time":"2026-09-24T21:38:14.046408501Z","level":"INFO","msg":"database migration","detail":"24/u siem_test_operations (145.281484ms)"}
{"time":"2026-09-24T21:38:14.062912858Z","level":"INFO","msg":"database migration","detail":"25/u dex_operations (152.055207ms)"}
{"time":"2026-09-24T21:38:14.070365931Z","level":"INFO","msg":"database migration","detail":"26/u image_vulnerability_scanner_version_digest (141.33099ms)"}
{"time":"2026-09-24T21:38:14.080122182Z","level":"INFO","msg":"database migration","detail":"27/u agent_connections_retention (136.73361ms)"}
{"time":"2026-09-24T21:38:14.088854144Z","level":"INFO","msg":"database migration","detail":"28/u scim_token_lifecycle (139.02688ms)"}
{"time":"2026-09-24T21:38:14.098244035Z","level":"INFO","msg":"database migration","detail":"29/u agent_connections_one_active (141.396525ms)"}
{"time":"2026-09-24T21:38:14.131972614Z","level":"INFO","msg":"database migration","detail":"30/u audit_query_scale (166.261082ms)"}
{"time":"2026-09-24T21:38:14.143268906Z","level":"INFO","msg":"database migration","detail":"31/u gitops_webhook_auth (166.059092ms)"}
{"time":"2026-09-24T21:38:14.154304429Z","level":"INFO","msg":"database migration","detail":"32/u rbac_template_application_and_user_search (165.608413ms)"}
{"time":"2026-09-24T21:38:14.166306141Z","level":"INFO","msg":"database migration","detail":"33/u user_preferences (156.814393ms)"}
{"time":"2026-09-24T21:38:14.184613795Z","level":"INFO","msg":"database migration","detail":"34/u support_bundle_operations (154.688308ms)"}
{"time":"2026-09-24T21:38:14.194070121Z","level":"INFO","msg":"database migration","detail":"35/u cluster_badges (147.561731ms)"}
{"time":"2026-09-24T21:38:14.20687708Z","level":"INFO","msg":"database migration","detail":"36/u delivery_status_digest_runtime_generation (143.83066ms)"}
{"time":"2026-09-24T21:38:14.215370954Z","level":"INFO","msg":"database migration","detail":"37/u cluster_agent_overrides (144.93344ms)"}
{"time":"2026-09-24T21:38:14.224501217Z","level":"INFO","msg":"database migration","detail":"38/u delivery_target_overrides (144.289416ms)"}
{"time":"2026-09-24T21:38:14.240037468Z","level":"INFO","msg":"database migration","detail":"39/u external_principals (151.100368ms)"}
{"time":"2026-09-24T21:38:14.254160798Z","level":"INFO","msg":"database migration","detail":"40/u cluster_liveness (155.787018ms)"}
{"time":"2026-09-24T21:38:14.265688076Z","level":"INFO","msg":"database migration","detail":"41/u project_resource_quota_allocations (133.631004ms)"}
{"time":"2026-09-24T21:38:14.27312083Z","level":"INFO","msg":"database migration","detail":"42/u curated_cluster_tools (129.772423ms)"}
{"time":"2026-09-24T21:38:14.282101681Z","level":"INFO","msg":"database migration","detail":"43/u tool_operation_execution_exclusivity (127.734304ms)"}
{"time":"2026-09-24T21:38:14.288767089Z","level":"INFO","msg":"database migration","detail":"44/u istio_release_plan (122.390676ms)"}
{"time":"2026-09-24T21:38:14.305610695Z","level":"INFO","msg":"database migration","detail":"45/u audit_export_operations (120.919444ms)"}
{"time":"2026-09-24T21:38:14.316675371Z","level":"INFO","msg":"database migration","detail":"46/u tool_drift_leases (122.541159ms)"}
{"time":"2026-09-24T21:38:14.338388922Z","level":"INFO","msg":"database migration","detail":"47/u refresh_session_families (131.408237ms)"}
{"time":"2026-09-24T21:38:14.345777122Z","level":"INFO","msg":"database migration","detail":"48/u notification_delivery_identity (130.296672ms)"}
{"time":"2026-09-24T21:38:14.371892937Z","level":"INFO","msg":"database migration","detail":"49/u durable_json_governance (147.291161ms)"}
{"time":"2026-09-24T21:38:14.37958526Z","level":"INFO","msg":"database migration","detail":"50/u cluster_health_conditions_contract (139.445378ms)"}
{"time":"2026-09-24T21:38:14.388557654Z","level":"INFO","msg":"database migration","detail":"51/u disable_invalid_dhi_catalog (134.310684ms)"}
{"time":"2026-09-24T21:38:14.39823594Z","level":"INFO","msg":"database migration","detail":"52/u durable_json_contract_corrections (132.448766ms)"}
{"time":"2026-09-24T21:38:14.421420071Z","level":"INFO","msg":"database migration","detail":"53/u application_catalog_v1 (148.194151ms)"}
{"time":"2026-09-24T21:38:14.430268342Z","level":"INFO","msg":"database migration","detail":"54/u application_catalog_history_backfill (148.081961ms)"}
{"time":"2026-09-24T21:38:14.43922696Z","level":"INFO","msg":"database migration","detail":"55/u installed_chart_project_ownership (150.378688ms)"}
{"time":"2026-09-24T21:38:14.446751747Z","level":"INFO","msg":"database migration","detail":"56/u default_system_projects (141.068817ms)"}
{"time":"2026-09-24T21:38:14.459760297Z","level":"INFO","msg":"database migration","detail":"57/u catalog_user_discovery (142.971722ms)"}
{"time":"2026-09-24T21:38:14.466498422Z","level":"INFO","msg":"database migration","detail":"58/u delivery_system_component_inventory (128.009963ms)"}
{"time":"2026-09-24T21:38:14.492619818Z","level":"INFO","msg":"database migration","detail":"59/u delivery_configuration_templates (146.783264ms)"}
{"time":"2026-09-24T21:38:14.502045436Z","level":"INFO","msg":"database migration","detail":"60/u delivery_effective_configuration (130.070406ms)"}
{"time":"2026-09-24T21:38:14.509290297Z","level":"INFO","msg":"database migration","detail":"61/u delivery_durable_json_governance (129.560595ms)"}
{"time":"2026-09-24T21:38:14.516000169Z","level":"INFO","msg":"database migration","detail":"62/u charlie_delegation_function_search_path (127.342816ms)"}
{"time":"2026-09-24T21:38:14.523233057Z","level":"INFO","msg":"database migration","detail":"63/u user_preferences_pinned_clusters (124.902789ms)"}
{"time":"2026-09-24T21:38:14.531078568Z","level":"INFO","msg":"database migration","detail":"64/u user_preferences_display (109.542278ms)"}
{"time":"2026-09-24T21:38:14.540078975Z","level":"INFO","msg":"database migration","detail":"65/u user_preferences_starred_types (109.69725ms)"}
{"time":"2026-09-24T21:38:14.546373054Z","level":"INFO","msg":"database migration","detail":"66/u user_preferences_json_governance (107.058168ms)"}
{"Time":"2026-09-24T21:38:21.87107248Z","Action":"start","Package":"github.com/alphabravocompany/astronomer-go/internal/db/sqlc"}
{"Time":"2026-09-24T21:38:21.874498805Z","Action":"run","Package":"github.com/alphabravocompany/astronomer-go/internal/db/sqlc","Test":"TestMarkRunningAgentUpgradeSucceededByVersion_NormalizesTheMatch"}
{"Time":"2026-09-24T21:38:21.874524825Z","Action":"output","Package":"github.com/alphabravocompany/astronomer-go/internal/db/sqlc","Test":"TestMarkRunningAgentUpgradeSucceededByVersion_NormalizesTheMatch","Output":"=== RUN   TestMarkRunningAgentUpgradeSucceededByVersion_NormalizesTheMatch\n"}
{"Time":"2026-09-24T21:38:21.87473462Z","Action":"output","Package":"github.com/alphabravocompany/astronomer-go/internal/db/sqlc","Test":"TestMarkRunningAgentUpgradeSucceededByVersion_NormalizesTheMatch","Output":"--- PASS: TestMarkRunningAgentUpgradeSucceededByVersion_NormalizesTheMatch (0.00s)\n"}
{"Time":"2026-09-24T21:38:21.87474032Z","Action":"pass","Package":"github.com/alphabravocompany/astronomer-go/internal/db/sqlc","Test":"TestMarkRunningAgentUpgradeSucceededByVersion_NormalizesTheMatch","Elapsed":0}
{"Time":"2026-09-24T21:38:21.874747405Z","Action":"run","Package":"github.com/alphabravocompany/astronomer-go/internal/db/sqlc","Test":"TestMarkRunningAgentUpgradeSucceededByVersion_MatchesAcrossVersionSpellings"}
{"Time":"2026-09-24T21:38:21.87474996Z","Action":"output","Package":"github.com/alphabravocompany/astronomer-go/internal/db/sqlc","Test":"TestMarkRunningAgentUpgradeSucceededByVersion_MatchesAcrossVersionSpellings","Output":"=== RUN   TestMarkRunningAgentUpgradeSucceededByVersion_MatchesAcrossVersionSpellings\n"}
{"Time":"2026-09-24T21:38:21.888172388Z","Action":"run","Package":"github.com/alphabravocompany/astronomer-go/internal/db/sqlc","Test":"TestMarkRunningAgentUpgradeSucceededByVersion_MatchesAcrossVersionSpellings/identical"}
{"Time":"2026-09-24T21:38:21.888200632Z","Action":"output","Package":"github.com/alphabravocompany/astronomer-go/internal/db/sqlc","Test":"TestMarkRunningAgentUpgradeSucceededByVersion_MatchesAcrossVersionSpellings/identical","Output":"=== RUN   TestMarkRunningAgentUpgradeSucceededByVersion_MatchesAcrossVersionSpellings/identical\n"}
{"Time":"2026-09-24T21:38:21.891239026Z","Action":"output","Package":"github.com/alphabravocompany/astronomer-go/internal/db/sqlc","Test":"TestMarkRunningAgentUpgradeSucceededByVersion_MatchesAcrossVersionSpellings/identical","Output":"--- PASS: TestMarkRunningAgentUpgradeSucceededByVersion_MatchesAcrossVersionSpellings/identical (0.00s)\n"}
{"Time":"2026-09-24T21:38:21.891260486Z","Action":"pass","Package":"github.com/alphabravocompany/astronomer-go/internal/db/sqlc","Test":"TestMarkRunningAgentUpgradeSucceededByVersion_MatchesAcrossVersionSpellings/identical","Elapsed":0}
{"Time":"2026-09-24T21:38:21.891321591Z","Action":"run","Package":"github.com/alphabravocompany/astronomer-go/internal/db/sqlc","Test":"TestMarkRunningAgentUpgradeSucceededByVersion_MatchesAcrossVersionSpellings/heartbeat_carries_a_v_prefix"}
{"Time":"2026-09-24T21:38:21.891332982Z","Action":"output","Package":"github.com/alphabravocompany/astronomer-go/internal/db/sqlc","Test":"TestMarkRunningAgentUpgradeSucceededByVersion_MatchesAcrossVersionSpellings/heartbeat_carries_a_v_prefix","Output":"=== RUN   TestMarkRunningAgentUpgradeSucceededByVersion_MatchesAcrossVersionSpellings/heartbeat_carries_a_v_prefix\n"}
{"Time":"2026-09-24T21:38:21.892574683Z","Action":"output","Package":"github.com/alphabravocompany/astronomer-go/internal/db/sqlc","Test":"TestMarkRunningAgentUpgradeSucceededByVersion_MatchesAcrossVersionSpellings/heartbeat_carries_a_v_prefix","Output":"--- PASS: TestMarkRunningAgentUpgradeSucceededByVersion_MatchesAcrossVersionSpellings/heartbeat_carries_a_v_prefix (0.00s)\n"}
{"Time":"2026-09-24T21:38:21.892586355Z","Action":"pass","Package":"github.com/alphabravocompany/astronomer-go/internal/db/sqlc","Test":"TestMarkRunningAgentUpgradeSucceededByVersion_MatchesAcrossVersionSpellings/heartbeat_carries_a_v_prefix","Elapsed":0}
{"Time":"2026-09-24T21:38:21.892590723Z","Action":"run","Package":"github.com/alphabravocompany/astronomer-go/internal/db/sqlc","Test":"TestMarkRunningAgentUpgradeSucceededByVersion_MatchesAcrossVersionSpellings/target_carries_a_v_prefix"}
{"Time":"2026-09-24T21:38:21.892593518Z","Action":"output","Package":"github.com/alphabravocompany/astronomer-go/internal/db/sqlc","Test":"TestMarkRunningAgentUpgradeSucceededByVersion_MatchesAcrossVersionSpellings/target_carries_a_v_prefix","Output":"=== RUN   TestMarkRunningAgentUpgradeSucceededByVersion_MatchesAcrossVersionSpellings/target_carries_a_v_prefix\n"}
{"Time":"2026-09-24T21:38:21.893899879Z","Action":"output","Package":"github.com/alphabravocompany/astronomer-go/internal/db/sqlc","Test":"TestMarkRunningAgentUpgradeSucceededByVersion_MatchesAcrossVersionSpellings/target_carries_a_v_prefix","Output":"--- PASS: TestMarkRunningAgentUpgradeSucceededByVersion_MatchesAcrossVersionSpellings/target_carries_a_v_prefix (0.00s)\n"}
{"Time":"2026-09-24T21:38:21.8939105Z","Action":"pass","Package":"github.com/alphabravocompany/astronomer-go/internal/db/sqlc","Test":"TestMarkRunningAgentUpgradeSucceededByVersion_MatchesAcrossVersionSpellings/target_carries_a_v_prefix","Elapsed":0}
{"Time":"2026-09-24T21:38:21.893917733Z","Action":"run","Package":"github.com/alphabravocompany/astronomer-go/internal/db/sqlc","Test":"TestMarkRunningAgentUpgradeSucceededByVersion_MatchesAcrossVersionSpellings/case_differs"}
{"Time":"2026-09-24T21:38:21.893920318Z","Action":"output","Package":"github.com/alphabravocompany/astronomer-go/internal/db/sqlc","Test":"TestMarkRunningAgentUpgradeSucceededByVersion_MatchesAcrossVersionSpellings/case_differs","Output":"=== RUN   TestMarkRunningAgentUpgradeSucceededByVersion_MatchesAcrossVersionSpellings/case_differs\n"}
{"Time":"2026-09-24T21:38:21.895122764Z","Action":"output","Package":"github.com/alphabravocompany/astronomer-go/internal/db/sqlc","Test":"TestMarkRunningAgentUpgradeSucceededByVersion_MatchesAcrossVersionSpellings/case_differs","Output":"--- PASS: TestMarkRunningAgentUpgradeSucceededByVersion_MatchesAcrossVersionSpellings/case_differs (0.00s)\n"}
{"Time":"2026-09-24T21:38:21.895136881Z","Action":"pass","Package":"github.com/alphabravocompany/astronomer-go/internal/db/sqlc","Test":"TestMarkRunningAgentUpgradeSucceededByVersion_MatchesAcrossVersionSpellings/case_differs","Elapsed":0}
{"Time":"2026-09-24T21:38:21.895140707Z","Action":"run","Package":"github.com/alphabravocompany/astronomer-go/internal/db/sqlc","Test":"TestMarkRunningAgentUpgradeSucceededByVersion_MatchesAcrossVersionSpellings/whitespace"}
{"Time":"2026-09-24T21:38:21.895146007Z","Action":"output","Package":"github.com/alphabravocompany/astronomer-go/internal/db/sqlc","Test":"TestMarkRunningAgentUpgradeSucceededByVersion_MatchesAcrossVersionSpellings/whitespace","Output":"=== RUN   TestMarkRunningAgentUpgradeSucceededByVersion_MatchesAcrossVersionSpellings/whitespace\n"}
{"Time":"2026-09-24T21:38:21.896350487Z","Action":"output","Package":"github.com/alphabravocompany/astronomer-go/internal/db/sqlc","Test":"TestMarkRunningAgentUpgradeSucceededByVersion_MatchesAcrossVersionSpellings/whitespace","Output":"--- PASS: TestMarkRunningAgentUpgradeSucceededByVersion_MatchesAcrossVersionSpellings/whitespace (0.00s)\n"}
{"Time":"2026-09-24T21:38:21.896369092Z","Action":"pass","Package":"github.com/alphabravocompany/astronomer-go/internal/db/sqlc","Test":"TestMarkRunningAgentUpgradeSucceededByVersion_MatchesAcrossVersionSpellings/whitespace","Elapsed":0}
{"Time":"2026-09-24T21:38:21.896373039Z","Action":"run","Package":"github.com/alphabravocompany/astronomer-go/internal/db/sqlc","Test":"TestMarkRunningAgentUpgradeSucceededByVersion_MatchesAcrossVersionSpellings/genuinely_different_versions"}
{"Time":"2026-09-24T21:38:21.896375794Z","Action":"output","Package":"github.com/alphabravocompany/astronomer-go/internal/db/sqlc","Test":"TestMarkRunningAgentUpgradeSucceededByVersion_MatchesAcrossVersionSpellings/genuinely_different_versions","Output":"=== RUN   TestMarkRunningAgentUpgradeSucceededByVersion_MatchesAcrossVersionSpellings/genuinely_different_versions\n"}
{"Time":"2026-09-24T21:38:21.897225205Z","Action":"output","Package":"github.com/alphabravocompany/astronomer-go/internal/db/sqlc","Test":"TestMarkRunningAgentUpgradeSucceededByVersion_MatchesAcrossVersionSpellings/genuinely_different_versions","Output":"--- PASS: TestMarkRunningAgentUpgradeSucceededByVersion_MatchesAcrossVersionSpellings/genuinely_different_versions (0.00s)\n"}
{"Time":"2026-09-24T21:38:21.89723849Z","Action":"pass","Package":"github.com/alphabravocompany/astronomer-go/internal/db/sqlc","Test":"TestMarkRunningAgentUpgradeSucceededByVersion_MatchesAcrossVersionSpellings/genuinely_different_versions","Elapsed":0}
{"Time":"2026-09-24T21:38:21.897243589Z","Action":"run","Package":"github.com/alphabravocompany/astronomer-go/internal/db/sqlc","Test":"TestMarkRunningAgentUpgradeSucceededByVersion_MatchesAcrossVersionSpellings/empty_target_is_never_matched"}
{"Time":"2026-09-24T21:38:21.897246104Z","Action":"output","Package":"github.com/alphabravocompany/astronomer-go/internal/db/sqlc","Test":"TestMarkRunningAgentUpgradeSucceededByVersion_MatchesAcrossVersionSpellings/empty_target_is_never_matched","Output":"=== RUN   TestMarkRunningAgentUpgradeSucceededByVersion_MatchesAcrossVersionSpellings/empty_target_is_never_matched\n"}
{"Time":"2026-09-24T21:38:21.898002669Z","Action":"output","Package":"github.com/alphabravocompany/astronomer-go/internal/db/sqlc","Test":"TestMarkRunningAgentUpgradeSucceededByVersion_MatchesAcrossVersionSpellings/empty_target_is_never_matched","Output":"--- PASS: TestMarkRunningAgentUpgradeSucceededByVersion_MatchesAcrossVersionSpellings/empty_target_is_never_matched (0.00s)\n"}
{"Time":"2026-09-24T21:38:21.89801369Z","Action":"pass","Package":"github.com/alphabravocompany/astronomer-go/internal/db/sqlc","Test":"TestMarkRunningAgentUpgradeSucceededByVersion_MatchesAcrossVersionSpellings/empty_target_is_never_matched","Elapsed":0}
{"Time":"2026-09-24T21:38:21.900057281Z","Action":"output","Package":"github.com/alphabravocompany/astronomer-go/internal/db/sqlc","Test":"TestMarkRunningAgentUpgradeSucceededByVersion_MatchesAcrossVersionSpellings","Output":"--- PASS: TestMarkRunningAgentUpgradeSucceededByVersion_MatchesAcrossVersionSpellings (0.03s)\n"}
{"Time":"2026-09-24T21:38:21.900077228Z","Action":"pass","Package":"github.com/alphabravocompany/astronomer-go/internal/db/sqlc","Test":"TestMarkRunningAgentUpgradeSucceededByVersion_MatchesAcrossVersionSpellings","Elapsed":0.03}
{"Time":"2026-09-24T21:38:21.900087908Z","Action":"run","Package":"github.com/alphabravocompany/astronomer-go/internal/db/sqlc","Test":"TestAuditOutboxDeliveryDurablyFansOutToMatchingSIEMForwarders"}
{"Time":"2026-09-24T21:38:21.900095692Z","Action":"output","Package":"github.com/alphabravocompany/astronomer-go/internal/db/sqlc","Test":"TestAuditOutboxDeliveryDurablyFansOutToMatchingSIEMForwarders","Output":"=== RUN   TestAuditOutboxDeliveryDurablyFansOutToMatchingSIEMForwarders\n"}
{"Time":"2026-09-24T21:38:21.947190013Z","Action":"output","Package":"github.com/alphabravocompany/astronomer-go/internal/db/sqlc","Test":"TestAuditOutboxDeliveryDurablyFansOutToMatchingSIEMForwarders","Output":"--- PASS: TestAuditOutboxDeliveryDurablyFansOutToMatchingSIEMForwarders (0.05s)\n"}
{"Time":"2026-09-24T21:38:21.947219228Z","Action":"pass","Package":"github.com/alphabravocompany/astronomer-go/internal/db/sqlc","Test":"TestAuditOutboxDeliveryDurablyFansOutToMatchingSIEMForwarders","Elapsed":0.05}
{"Time":"2026-09-24T21:38:21.947228506Z","Action":"run","Package":"github.com/alphabravocompany/astronomer-go/internal/db/sqlc","Test":"TestCatalogSearchFiltersScopeBeforePaginationAndCounts"}
{"Time":"2026-09-24T21:38:21.947232092Z","Action":"output","Package":"github.com/alphabravocompany/astronomer-go/internal/db/sqlc","Test":"TestCatalogSearchFiltersScopeBeforePaginationAndCounts","Output":"=== RUN   TestCatalogSearchFiltersScopeBeforePaginationAndCounts\n"}
{"Time":"2026-09-24T21:38:22.023136384Z","Action":"output","Package":"github.com/alphabravocompany/astronomer-go/internal/db/sqlc","Test":"TestCatalogSearchFiltersScopeBeforePaginationAndCounts","Output":"--- PASS: TestCatalogSearchFiltersScopeBeforePaginationAndCounts (0.08s)\n"}
{"Time":"2026-09-24T21:38:22.023173233Z","Action":"pass","Package":"github.com/alphabravocompany/astronomer-go/internal/db/sqlc","Test":"TestCatalogSearchFiltersScopeBeforePaginationAndCounts","Elapsed":0.08}
{"Time":"2026-09-24T21:38:22.023184384Z","Action":"run","Package":"github.com/alphabravocompany/astronomer-go/internal/db/sqlc","Test":"TestUpsertCharlieAlertPolicyRevisionSemantics"}
{"Time":"2026-09-24T21:38:22.023187119Z","Action":"output","Package":"github.com/alphabravocompany/astronomer-go/internal/db/sqlc","Test":"TestUpsertCharlieAlertPolicyRevisionSemantics","Output":"=== RUN   TestUpsertCharlieAlertPolicyRevisionSemantics\n"}
{"Time":"2026-09-24T21:38:22.040353462Z","Action":"output","Package":"github.com/alphabravocompany/astronomer-go/internal/db/sqlc","Test":"TestUpsertCharlieAlertPolicyRevisionSemantics","Output":"--- PASS: TestUpsertCharlieAlertPolicyRevisionSemantics (0.02s)\n"}
{"Time":"2026-09-24T21:38:22.040379772Z","Action":"pass","Package":"github.com/alphabravocompany/astronomer-go/internal/db/sqlc","Test":"TestUpsertCharlieAlertPolicyRevisionSemantics","Elapsed":0.02}
{"Time":"2026-09-24T21:38:22.040387507Z","Action":"run","Package":"github.com/alphabravocompany/astronomer-go/internal/db/sqlc","Test":"TestCharlieAlertReconcileCandidatesRequireFindingScope"}
{"Time":"2026-09-24T21:38:22.040390763Z","Action":"output","Package":"github.com/alphabravocompany/astronomer-go/internal/db/sqlc","Test":"TestCharlieAlertReconcileCandidatesRequireFindingScope","Output":"=== RUN   TestCharlieAlertReconcileCandidatesRequireFindingScope\n"}
{"Time":"2026-09-24T21:38:22.088005533Z","Action":"output","Package":"github.com/alphabravocompany/astronomer-go/internal/db/sqlc","Test":"TestCharlieAlertReconcileCandidatesRequireFindingScope","Output":"--- PASS: TestCharlieAlertReconcileCandidatesRequireFindingScope (0.05s)\n"}
{"Time":"2026-09-24T21:38:22.088038566Z","Action":"pass","Package":"github.com/alphabravocompany/astronomer-go/internal/db/sqlc","Test":"TestCharlieAlertReconcileCandidatesRequireFindingScope","Elapsed":0.05}
{"Time":"2026-09-24T21:38:22.088049346Z","Action":"run","Package":"github.com/alphabravocompany/astronomer-go/internal/db/sqlc","Test":"TestClusterRestoreHistoryFiltersSourceBeforePagination"}
{"Time":"2026-09-24T21:38:22.088053163Z","Action":"output","Package":"github.com/alphabravocompany/astronomer-go/internal/db/sqlc","Test":"TestClusterRestoreHistoryFiltersSourceBeforePagination","Output":"=== RUN   TestClusterRestoreHistoryFiltersSourceBeforePagination\n"}
{"Time":"2026-09-24T21:38:22.129595082Z","Action":"output","Package":"github.com/alphabravocompany/astronomer-go/internal/db/sqlc","Test":"TestClusterRestoreHistoryFiltersSourceBeforePagination","Output":"--- PASS: TestClusterRestoreHistoryFiltersSourceBeforePagination (0.04s)\n"}
{"Time":"2026-09-24T21:38:22.129629026Z","Action":"pass","Package":"github.com/alphabravocompany/astronomer-go/internal/db/sqlc","Test":"TestClusterRestoreHistoryFiltersSourceBeforePagination","Elapsed":0.04}
{"Time":"2026-09-24T21:38:22.129640367Z","Action":"run","Package":"github.com/alphabravocompany/astronomer-go/internal/db/sqlc","Test":"TestDexLifecycleAdvisoryLockRejectsStaleEnableAndRestore"}
{"Time":"2026-09-24T21:38:22.129645046Z","Action":"output","Package":"github.com/alphabravocompany/astronomer-go/internal/db/sqlc","Test":"TestDexLifecycleAdvisoryLockRejectsStaleEnableAndRestore","Output":"=== RUN   TestDexLifecycleAdvisoryLockRejectsStaleEnableAndRestore\n"}
{"Time":"2026-09-24T21:38:22.164495308Z","Action":"run","Package":"github.com/alphabravocompany/astronomer-go/internal/db/sqlc","Test":"TestDexLifecycleAdvisoryLockRejectsStaleEnableAndRestore/enable"}
{"Time":"2026-09-24T21:38:22.164521767Z","Action":"output","Package":"github.com/alphabravocompany/astronomer-go/internal/db/sqlc","Test":"TestDexLifecycleAdvisoryLockRejectsStaleEnableAndRestore/enable","Output":"=== RUN   TestDexLifecycleAdvisoryLockRejectsStaleEnableAndRestore/enable\n"}
{"Time":"2026-09-24T21:38:22.32222238Z","Action":"output","Package":"github.com/alphabravocompany/astronomer-go/internal/db/sqlc","Test":"TestDexLifecycleAdvisoryLockRejectsStaleEnableAndRestore/enable","Output":"--- PASS: TestDexLifecycleAdvisoryLockRejectsStaleEnableAndRestore/enable (0.16s)\n"}
{"Time":"2026-09-24T21:38:22.322251386Z","Action":"pass","Package":"github.com/alphabravocompany/astronomer-go/internal/db/sqlc","Test":"TestDexLifecycleAdvisoryLockRejectsStaleEnableAndRestore/enable","Elapsed":0.16}
{"Time":"2026-09-24T21:38:22.322259421Z","Action":"run","Package":"github.com/alphabravocompany/astronomer-go/internal/db/sqlc","Test":"TestDexLifecycleAdvisoryLockRejectsStaleEnableAndRestore/restore"}
{"Time":"2026-09-24T21:38:22.322262136Z","Action":"output","Package":"github.com/alphabravocompany/astronomer-go/internal/db/sqlc","Test":"TestDexLifecycleAdvisoryLockRejectsStaleEnableAndRestore/restore","Output":"=== RUN   TestDexLifecycleAdvisoryLockRejectsStaleEnableAndRestore/restore\n"}
{"Time":"2026-09-24T21:38:22.478475798Z","Action":"output","Package":"github.com/alphabravocompany/astronomer-go/internal/db/sqlc","Test":"TestDexLifecycleAdvisoryLockRejectsStaleEnableAndRestore/restore","Output":"--- PASS: TestDexLifecycleAdvisoryLockRejectsStaleEnableAndRestore/restore (0.16s)\n"}
{"Time":"2026-09-24T21:38:22.478521333Z","Action":"pass","Package":"github.com/alphabravocompany/astronomer-go/internal/db/sqlc","Test":"TestDexLifecycleAdvisoryLockRejectsStaleEnableAndRestore/restore","Elapsed":0.16}
{"Time":"2026-09-24T21:38:22.478531752Z","Action":"run","Package":"github.com/alphabravocompany/astronomer-go/internal/db/sqlc","Test":"TestDexLifecycleAdvisoryLockRejectsStaleEnableAndRestore/mixed_version_connector_lifecycle_and_one_shot_bypass"}
{"Time":"2026-09-24T21:38:22.478535429Z","Action":"output","Package":"github.com/alphabravocompany/astronomer-go/internal/db/sqlc","Test":"TestDexLifecycleAdvisoryLockRejectsStaleEnableAndRestore/mixed_version_connector_lifecycle_and_one_shot_bypass","Output":"=== RUN   TestDexLifecycleAdvisoryLockRejectsStaleEnableAndRestore/mixed_version_connector_lifecycle_and_one_shot_bypass\n"}
{"Time":"2026-09-24T21:38:22.497203502Z","Action":"output","Package":"github.com/alphabravocompany/astronomer-go/internal/db/sqlc","Test":"TestDexLifecycleAdvisoryLockRejectsStaleEnableAndRestore/mixed_version_connector_lifecycle_and_one_shot_bypass","Output":"--- PASS: TestDexLifecycleAdvisoryLockRejectsStaleEnableAndRestore/mixed_version_connector_lifecycle_and_one_shot_bypass (0.02s)\n"}
{"Time":"2026-09-24T21:38:22.497245882Z","Action":"pass","Package":"github.com/alphabravocompany/astronomer-go/internal/db/sqlc","Test":"TestDexLifecycleAdvisoryLockRejectsStaleEnableAndRestore/mixed_version_connector_lifecycle_and_one_shot_bypass","Elapsed":0.02}
{"Time":"2026-09-24T21:38:22.4972551Z","Action":"run","Package":"github.com/alphabravocompany/astronomer-go/internal/db/sqlc","Test":"TestDexLifecycleAdvisoryLockRejectsStaleEnableAndRestore/connector_failure_is_atomic"}
{"Time":"2026-09-24T21:38:22.497258576Z","Action":"output","Package":"github.com/alphabravocompany/astronomer-go/internal/db/sqlc","Test":"TestDexLifecycleAdvisoryLockRejectsStaleEnableAndRestore/connector_failure_is_atomic","Output":"=== RUN   TestDexLifecycleAdvisoryLockRejectsStaleEnableAndRestore/connector_failure_is_atomic\n"}
{"Time":"2026-09-24T21:38:22.499798791Z","Action":"output","Package":"github.com/alphabravocompany/astronomer-go/internal/db/sqlc","Test":"TestDexLifecycleAdvisoryLockRejectsStaleEnableAndRestore/connector_failure_is_atomic","Output":"--- PASS: TestDexLifecycleAdvisoryLockRejectsStaleEnableAndRestore/connector_failure_is_atomic (0.00s)\n"}
{"Time":"2026-09-24T21:38:22.49981362Z","Action":"pass","Package":"github.com/alphabravocompany/astronomer-go/internal/db/sqlc","Test":"TestDexLifecycleAdvisoryLockRejectsStaleEnableAndRestore/connector_failure_is_atomic","Elapsed":0}
{"Time":"2026-09-24T21:38:22.503739717Z","Action":"output","Package":"github.com/alphabravocompany/astronomer-go/internal/db/sqlc","Test":"TestDexLifecycleAdvisoryLockRejectsStaleEnableAndRestore","Output":"--- PASS: TestDexLifecycleAdvisoryLockRejectsStaleEnableAndRestore (0.37s)\n"}
{"Time":"2026-09-24T21:38:22.503758963Z","Action":"pass","Package":"github.com/alphabravocompany/astronomer-go/internal/db/sqlc","Test":"TestDexLifecycleAdvisoryLockRejectsStaleEnableAndRestore","Elapsed":0.37}
{"Time":"2026-09-24T21:38:22.50376772Z","Action":"run","Package":"github.com/alphabravocompany/astronomer-go/internal/db/sqlc","Test":"TestRecordAgentHeartbeatAtomicWrite"}
{"Time":"2026-09-24T21:38:22.503772329Z","Action":"output","Package":"github.com/alphabravocompany/astronomer-go/internal/db/sqlc","Test":"TestRecordAgentHeartbeatAtomicWrite","Output":"=== RUN   TestRecordAgentHeartbeatAtomicWrite\n"}
{"Time":"2026-09-24T21:38:22.545213348Z","Action":"output","Package":"github.com/alphabravocompany/astronomer-go/internal/db/sqlc","Test":"TestRecordAgentHeartbeatAtomicWrite","Output":"--- PASS: TestRecordAgentHeartbeatAtomicWrite (0.04s)\n"}
{"Time":"2026-09-24T21:38:22.545259815Z","Action":"pass","Package":"github.com/alphabravocompany/astronomer-go/internal/db/sqlc","Test":"TestRecordAgentHeartbeatAtomicWrite","Elapsed":0.04}
{"Time":"2026-09-24T21:38:22.545270725Z","Action":"run","Package":"github.com/alphabravocompany/astronomer-go/internal/db/sqlc","Test":"TestLoggingPipelineOutputsAreClusterScopedTransactionalAndDeleteRestricted"}
{"Time":"2026-09-24T21:38:22.545274312Z","Action":"output","Package":"github.com/alphabravocompany/astronomer-go/internal/db/sqlc","Test":"TestLoggingPipelineOutputsAreClusterScopedTransactionalAndDeleteRestricted","Output":"=== RUN   TestLoggingPipelineOutputsAreClusterScopedTransactionalAndDeleteRestricted\n"}
{"Time":"2026-09-24T21:38:22.588273186Z","Action":"output","Package":"github.com/alphabravocompany/astronomer-go/internal/db/sqlc","Test":"TestLoggingPipelineOutputsAreClusterScopedTransactionalAndDeleteRestricted","Output":"--- PASS: TestLoggingPipelineOutputsAreClusterScopedTransactionalAndDeleteRestricted (0.04s)\n"}
{"Time":"2026-09-24T21:38:22.588306159Z","Action":"pass","Package":"github.com/alphabravocompany/astronomer-go/internal/db/sqlc","Test":"TestLoggingPipelineOutputsAreClusterScopedTransactionalAndDeleteRestricted","Elapsed":0.04}
{"Time":"2026-09-24T21:38:22.588315025Z","Action":"run","Package":"github.com/alphabravocompany/astronomer-go/internal/db/sqlc","Test":"TestRefreshSessionConcurrentRotationAndReplayRevokesFamily"}
{"Time":"2026-09-24T21:38:22.58831767Z","Action":"output","Package":"github.com/alphabravocompany/astronomer-go/internal/db/sqlc","Test":"TestRefreshSessionConcurrentRotationAndReplayRevokesFamily","Output":"=== RUN   TestRefreshSessionConcurrentRotationAndReplayRevokesFamily\n"}
{"Time":"2026-09-24T21:38:22.665215223Z","Action":"output","Package":"github.com/alphabravocompany/astronomer-go/internal/db/sqlc","Test":"TestRefreshSessionConcurrentRotationAndReplayRevokesFamily","Output":"--- PASS: TestRefreshSessionConcurrentRotationAndReplayRevokesFamily (0.08s)\n"}
{"Time":"2026-09-24T21:38:22.665255869Z","Action":"pass","Package":"github.com/alphabravocompany/astronomer-go/internal/db/sqlc","Test":"TestRefreshSessionConcurrentRotationAndReplayRevokesFamily","Elapsed":0.08}
{"Time":"2026-09-24T21:38:22.66526684Z","Action":"run","Package":"github.com/alphabravocompany/astronomer-go/internal/db/sqlc","Test":"TestDeactivateInactiveUsersPostgresSemantics"}
{"Time":"2026-09-24T21:38:22.665270516Z","Action":"output","Package":"github.com/alphabravocompany/astronomer-go/internal/db/sqlc","Test":"TestDeactivateInactiveUsersPostgresSemantics","Output":"=== RUN   TestDeactivateInactiveUsersPostgresSemantics\n"}
{"Time":"2026-09-24T21:38:22.68338155Z","Action":"output","Package":"github.com/alphabravocompany/astronomer-go/internal/db/sqlc","Test":"TestDeactivateInactiveUsersPostgresSemantics","Output":"--- PASS: TestDeactivateInactiveUsersPostgresSemantics (0.02s)\n"}
{"Time":"2026-09-24T21:38:22.683420884Z","Action":"pass","Package":"github.com/alphabravocompany/astronomer-go/internal/db/sqlc","Test":"TestDeactivateInactiveUsersPostgresSemantics","Elapsed":0.02}
{"Time":"2026-09-24T21:38:22.683432987Z","Action":"output","Package":"github.com/alphabravocompany/astronomer-go/internal/db/sqlc","Output":"PASS\n"}
{"Time":"2026-09-24T21:38:22.684457447Z","Action":"output","Package":"github.com/alphabravocompany/astronomer-go/internal/db/sqlc","Output":"ok  \tgithub.com/alphabravocompany/astronomer-go/internal/db/sqlc\t0.813s\n"}
{"Time":"2026-09-24T21:38:22.684517329Z","Action":"pass","Package":"github.com/alphabravocompany/astronomer-go/internal/db/sqlc","Elapsed":0.813}
{"Time":"2026-09-24T21:38:43.554199608Z","Action":"start","Package":"github.com/alphabravocompany/astronomer-go/internal/charlie"}
{"Time":"2026-09-24T21:38:43.590275529Z","Action":"run","Package":"github.com/alphabravocompany/astronomer-go/internal/charlie","Test":"TestAdminVisibilityQueriesAgainstMigratedPostgres"}
{"Time":"2026-09-24T21:38:43.590333007Z","Action":"output","Package":"github.com/alphabravocompany/astronomer-go/internal/charlie","Test":"TestAdminVisibilityQueriesAgainstMigratedPostgres","Output":"=== RUN   TestAdminVisibilityQueriesAgainstMigratedPostgres\n"}
{"Time":"2026-09-24T21:38:43.695205588Z","Action":"output","Package":"github.com/alphabravocompany/astronomer-go/internal/charlie","Test":"TestAdminVisibilityQueriesAgainstMigratedPostgres","Output":"--- PASS: TestAdminVisibilityQueriesAgainstMigratedPostgres (0.11s)\n"}
{"Time":"2026-09-24T21:38:43.695245222Z","Action":"pass","Package":"github.com/alphabravocompany/astronomer-go/internal/charlie","Test":"TestAdminVisibilityQueriesAgainstMigratedPostgres","Elapsed":0.11}
{"Time":"2026-09-24T21:38:43.695757627Z","Action":"output","Package":"github.com/alphabravocompany/astronomer-go/internal/charlie","Output":"PASS\n"}
{"Time":"2026-09-24T21:38:43.698289037Z","Action":"output","Package":"github.com/alphabravocompany/astronomer-go/internal/charlie","Output":"ok  \tgithub.com/alphabravocompany/astronomer-go/internal/charlie\t0.143s\n"}
{"Time":"2026-09-24T21:38:43.698330344Z","Action":"pass","Package":"github.com/alphabravocompany/astronomer-go/internal/charlie","Elapsed":0.144}
{"Time":"2026-09-24T21:38:45.27254081Z","Action":"start","Package":"github.com/alphabravocompany/astronomer-go/internal/delivery/builtin"}
{"Time":"2026-09-24T21:38:45.281277321Z","Action":"run","Package":"github.com/alphabravocompany/astronomer-go/internal/delivery/builtin","Test":"TestProvisionerPostgresMultiSourceAssets"}
{"Time":"2026-09-24T21:38:45.281307968Z","Action":"output","Package":"github.com/alphabravocompany/astronomer-go/internal/delivery/builtin","Test":"TestProvisionerPostgresMultiSourceAssets","Output":"=== RUN   TestProvisionerPostgresMultiSourceAssets\n"}
{"Time":"2026-09-24T21:38:45.323342986Z","Action":"run","Package":"github.com/alphabravocompany/astronomer-go/internal/delivery/builtin","Test":"TestProvisionerPostgresMultiSourceAssets/same_source_retry_stability_and_current_compatibility"}
{"Time":"2026-09-24T21:38:45.323377181Z","Action":"output","Package":"github.com/alphabravocompany/astronomer-go/internal/delivery/builtin","Test":"TestProvisionerPostgresMultiSourceAssets/same_source_retry_stability_and_current_compatibility","Output":"=== RUN   TestProvisionerPostgresMultiSourceAssets/same_source_retry_stability_and_current_compatibility\n"}
{"Time":"2026-09-24T21:38:45.34721816Z","Action":"output","Package":"github.com/alphabravocompany/astronomer-go/internal/delivery/builtin","Test":"TestProvisionerPostgresMultiSourceAssets/same_source_retry_stability_and_current_compatibility","Output":"--- PASS: TestProvisionerPostgresMultiSourceAssets/same_source_retry_stability_and_current_compatibility (0.02s)\n"}
{"Time":"2026-09-24T21:38:45.347251543Z","Action":"pass","Package":"github.com/alphabravocompany/astronomer-go/internal/delivery/builtin","Test":"TestProvisionerPostgresMultiSourceAssets/same_source_retry_stability_and_current_compatibility","Elapsed":0.02}
{"Time":"2026-09-24T21:38:45.347261601Z","Action":"run","Package":"github.com/alphabravocompany/astronomer-go/internal/delivery/builtin","Test":"TestProvisionerPostgresMultiSourceAssets/multiple_sources_bind_each_component"}
{"Time":"2026-09-24T21:38:45.347264978Z","Action":"output","Package":"github.com/alphabravocompany/astronomer-go/internal/delivery/builtin","Test":"TestProvisionerPostgresMultiSourceAssets/multiple_sources_bind_each_component","Output":"=== RUN   TestProvisionerPostgresMultiSourceAssets/multiple_sources_bind_each_component\n"}
{"Time":"2026-09-24T21:38:45.357450188Z","Action":"output","Package":"github.com/alphabravocompany/astronomer-go/internal/delivery/builtin","Test":"TestProvisionerPostgresMultiSourceAssets/multiple_sources_bind_each_component","Output":"--- PASS: TestProvisionerPostgresMultiSourceAssets/multiple_sources_bind_each_component (0.01s)\n"}
{"Time":"2026-09-24T21:38:45.357492878Z","Action":"pass","Package":"github.com/alphabravocompany/astronomer-go/internal/delivery/builtin","Test":"TestProvisionerPostgresMultiSourceAssets/multiple_sources_bind_each_component","Elapsed":0.01}
{"Time":"2026-09-24T21:38:45.357511273Z","Action":"run","Package":"github.com/alphabravocompany/astronomer-go/internal/delivery/builtin","Test":"TestProvisionerPostgresMultiSourceAssets/source_conflict_rolls_back_dependent_assets"}
{"Time":"2026-09-24T21:38:45.357516302Z","Action":"output","Package":"github.com/alphabravocompany/astronomer-go/internal/delivery/builtin","Test":"TestProvisionerPostgresMultiSourceAssets/source_conflict_rolls_back_dependent_assets","Output":"=== RUN   TestProvisionerPostgresMultiSourceAssets/source_conflict_rolls_back_dependent_assets\n"}
{"Time":"2026-09-24T21:38:45.364474012Z","Action":"output","Package":"github.com/alphabravocompany/astronomer-go/internal/delivery/builtin","Test":"TestProvisionerPostgresMultiSourceAssets/source_conflict_rolls_back_dependent_assets","Output":"--- PASS: TestProvisionerPostgresMultiSourceAssets/source_conflict_rolls_back_dependent_assets (0.01s)\n"}
{"Time":"2026-09-24T21:38:45.364508647Z","Action":"pass","Package":"github.com/alphabravocompany/astronomer-go/internal/delivery/builtin","Test":"TestProvisionerPostgresMultiSourceAssets/source_conflict_rolls_back_dependent_assets","Elapsed":0.01}
{"Time":"2026-09-24T21:38:45.364516451Z","Action":"run","Package":"github.com/alphabravocompany/astronomer-go/internal/delivery/builtin","Test":"TestProvisionerPostgresMultiSourceAssets/concurrent_retries_converge"}
{"Time":"2026-09-24T21:38:45.364519948Z","Action":"output","Package":"github.com/alphabravocompany/astronomer-go/internal/delivery/builtin","Test":"TestProvisionerPostgresMultiSourceAssets/concurrent_retries_converge","Output":"=== RUN   TestProvisionerPostgresMultiSourceAssets/concurrent_retries_converge\n"}
{"Time":"2026-09-24T21:38:45.442765289Z","Action":"output","Package":"github.com/alphabravocompany/astronomer-go/internal/delivery/builtin","Test":"TestProvisionerPostgresMultiSourceAssets/concurrent_retries_converge","Output":"--- PASS: TestProvisionerPostgresMultiSourceAssets/concurrent_retries_converge (0.08s)\n"}
{"Time":"2026-09-24T21:38:45.442809022Z","Action":"pass","Package":"github.com/alphabravocompany/astronomer-go/internal/delivery/builtin","Test":"TestProvisionerPostgresMultiSourceAssets/concurrent_retries_converge","Elapsed":0.08}
{"Time":"2026-09-24T21:38:45.450778137Z","Action":"output","Package":"github.com/alphabravocompany/astronomer-go/internal/delivery/builtin","Test":"TestProvisionerPostgresMultiSourceAssets","Output":"--- PASS: TestProvisionerPostgresMultiSourceAssets (0.17s)\n"}
{"Time":"2026-09-24T21:38:45.450822019Z","Action":"pass","Package":"github.com/alphabravocompany/astronomer-go/internal/delivery/builtin","Test":"TestProvisionerPostgresMultiSourceAssets","Elapsed":0.17}
{"Time":"2026-09-24T21:38:45.450837108Z","Action":"output","Package":"github.com/alphabravocompany/astronomer-go/internal/delivery/builtin","Output":"PASS\n"}
{"Time":"2026-09-24T21:38:45.452305164Z","Action":"output","Package":"github.com/alphabravocompany/astronomer-go/internal/delivery/builtin","Output":"ok  \tgithub.com/alphabravocompany/astronomer-go/internal/delivery/builtin\t0.180s\n"}
{"Time":"2026-09-24T21:38:45.452331924Z","Action":"pass","Package":"github.com/alphabravocompany/astronomer-go/internal/delivery/builtin","Elapsed":0.18}
{"Time":"2026-09-24T21:38:47.23092162Z","Action":"start","Package":"github.com/alphabravocompany/astronomer-go/internal/delivery/rollout"}
{"Time":"2026-09-24T21:38:47.238397345Z","Action":"run","Package":"github.com/alphabravocompany/astronomer-go/internal/delivery/rollout","Test":"TestPostgresPlanningTransactionAndHAFencing"}
{"Time":"2026-09-24T21:38:47.238430097Z","Action":"output","Package":"github.com/alphabravocompany/astronomer-go/internal/delivery/rollout","Test":"TestPostgresPlanningTransactionAndHAFencing","Output":"=== RUN   TestPostgresPlanningTransactionAndHAFencing\n"}
{"Time":"2026-09-24T21:38:47.318876406Z","Action":"output","Package":"github.com/alphabravocompany/astronomer-go/internal/delivery/rollout","Test":"TestPostgresPlanningTransactionAndHAFencing","Output":"--- PASS: TestPostgresPlanningTransactionAndHAFencing (0.08s)\n"}
{"Time":"2026-09-24T21:38:47.318911352Z","Action":"pass","Package":"github.com/alphabravocompany/astronomer-go/internal/delivery/rollout","Test":"TestPostgresPlanningTransactionAndHAFencing","Elapsed":0.08}
{"Time":"2026-09-24T21:38:47.319076522Z","Action":"output","Package":"github.com/alphabravocompany/astronomer-go/internal/delivery/rollout","Output":"PASS\n"}
{"Time":"2026-09-24T21:38:47.320439691Z","Action":"output","Package":"github.com/alphabravocompany/astronomer-go/internal/delivery/rollout","Output":"ok  \tgithub.com/alphabravocompany/astronomer-go/internal/delivery/rollout\t0.089s\n"}
{"Time":"2026-09-24T21:38:47.320487351Z","Action":"pass","Package":"github.com/alphabravocompany/astronomer-go/internal/delivery/rollout","Elapsed":0.09}
{"Time":"2026-09-24T21:38:48.46767275Z","Action":"start","Package":"github.com/alphabravocompany/astronomer-go/internal/delivery/catalogapp"}
{"Time":"2026-09-24T21:38:48.478164177Z","Action":"run","Package":"github.com/alphabravocompany/astronomer-go/internal/delivery/catalogapp","Test":"TestCatalogOperationStatusReadsExactRolloutAndDeletion"}
{"Time":"2026-09-24T21:38:48.4781979Z","Action":"output","Package":"github.com/alphabravocompany/astronomer-go/internal/delivery/catalogapp","Test":"TestCatalogOperationStatusReadsExactRolloutAndDeletion","Output":"=== RUN   TestCatalogOperationStatusReadsExactRolloutAndDeletion\n"}
{"Time":"2026-09-24T21:38:48.516489546Z","Action":"output","Package":"github.com/alphabravocompany/astronomer-go/internal/delivery/catalogapp","Test":"TestCatalogOperationStatusReadsExactRolloutAndDeletion","Output":"--- PASS: TestCatalogOperationStatusReadsExactRolloutAndDeletion (0.04s)\n"}
{"Time":"2026-09-24T21:38:48.516537115Z","Action":"pass","Package":"github.com/alphabravocompany/astronomer-go/internal/delivery/catalogapp","Test":"TestCatalogOperationStatusReadsExactRolloutAndDeletion","Elapsed":0.04}
{"Time":"2026-09-24T21:38:48.516549408Z","Action":"output","Package":"github.com/alphabravocompany/astronomer-go/internal/delivery/catalogapp","Output":"PASS\n"}
{"Time":"2026-09-24T21:38:48.517368632Z","Action":"output","Package":"github.com/alphabravocompany/astronomer-go/internal/delivery/catalogapp","Output":"ok  \tgithub.com/alphabravocompany/astronomer-go/internal/delivery/catalogapp\t0.050s\n"}
{"Time":"2026-09-24T21:38:48.517405952Z","Action":"pass","Package":"github.com/alphabravocompany/astronomer-go/internal/delivery/catalogapp","Elapsed":0.05}
{"Time":"2026-09-24T21:39:05.559085313Z","Action":"start","Package":"github.com/alphabravocompany/astronomer-go/internal/worker/tasks"}
{"Time":"2026-09-24T21:39:05.617478342Z","Action":"run","Package":"github.com/alphabravocompany/astronomer-go/internal/worker/tasks","Test":"TestCharlieAlertDispatchDistributedFenceBlocksDisableAcrossProcesses"}
{"Time":"2026-09-24T21:39:05.617515762Z","Action":"output","Package":"github.com/alphabravocompany/astronomer-go/internal/worker/tasks","Test":"TestCharlieAlertDispatchDistributedFenceBlocksDisableAcrossProcesses","Output":"=== RUN   TestCharlieAlertDispatchDistributedFenceBlocksDisableAcrossProcesses\n"}
{"Time":"2026-09-24T21:39:05.797479051Z","Action":"output","Package":"github.com/alphabravocompany/astronomer-go/internal/worker/tasks","Test":"TestCharlieAlertDispatchDistributedFenceBlocksDisableAcrossProcesses","Output":"--- PASS: TestCharlieAlertDispatchDistributedFenceBlocksDisableAcrossProcesses (0.18s)\n"}
{"Time":"2026-09-24T21:39:05.797521971Z","Action":"pass","Package":"github.com/alphabravocompany/astronomer-go/internal/worker/tasks","Test":"TestCharlieAlertDispatchDistributedFenceBlocksDisableAcrossProcesses","Elapsed":0.18}
{"Time":"2026-09-24T21:39:05.79811078Z","Action":"run","Package":"github.com/alphabravocompany/astronomer-go/internal/worker/tasks","Test":"TestDistributedFenceHoldBlocksQueuedCrossReplicaAdmissionUntilTransitionRelease"}
{"Time":"2026-09-24T21:39:05.7981209Z","Action":"output","Package":"github.com/alphabravocompany/astronomer-go/internal/worker/tasks","Test":"TestDistributedFenceHoldBlocksQueuedCrossReplicaAdmissionUntilTransitionRelease","Output":"=== RUN   TestDistributedFenceHoldBlocksQueuedCrossReplicaAdmissionUntilTransitionRelease\n"}
{"Time":"2026-09-24T21:39:05.955855246Z","Action":"output","Package":"github.com/alphabravocompany/astronomer-go/internal/worker/tasks","Test":"TestDistributedFenceHoldBlocksQueuedCrossReplicaAdmissionUntilTransitionRelease","Output":"--- PASS: TestDistributedFenceHoldBlocksQueuedCrossReplicaAdmissionUntilTransitionRelease (0.16s)\n"}
{"Time":"2026-09-24T21:39:05.955900311Z","Action":"pass","Package":"github.com/alphabravocompany/astronomer-go/internal/worker/tasks","Test":"TestDistributedFenceHoldBlocksQueuedCrossReplicaAdmissionUntilTransitionRelease","Elapsed":0.16}
{"Time":"2026-09-24T21:39:05.95617031Z","Action":"output","Package":"github.com/alphabravocompany/astronomer-go/internal/worker/tasks","Output":"PASS\n"}
{"Time":"2026-09-24T21:39:05.958327595Z","Action":"output","Package":"github.com/alphabravocompany/astronomer-go/internal/worker/tasks","Output":"ok  \tgithub.com/alphabravocompany/astronomer-go/internal/worker/tasks\t0.398s\n"}
{"Time":"2026-09-24T21:39:05.958356539Z","Action":"pass","Package":"github.com/alphabravocompany/astronomer-go/internal/worker/tasks","Elapsed":0.399}
postgres integration contract passed: 18/18 tests executed
